Component: ARM Compiler 5.05 update 1 (build 106) Tool: armlink [4d0efa]

==============================================================================

Section Cross References

    main.o(i.camera_new_pathname) refers to _printf_pad.o(.text) for _printf_pre_padding
    main.o(i.camera_new_pathname) refers to _printf_percent.o(.ARM.Collect$$_printf_percent$$00000000) for _printf_percent
    main.o(i.camera_new_pathname) refers to _printf_d.o(.ARM.Collect$$_printf_percent$$00000009) for _printf_d
    main.o(i.camera_new_pathname) refers to _printf_dec.o(.text) for _printf_int_dec
    main.o(i.camera_new_pathname) refers to noretval__2sprintf.o(.text) for __2sprintf
    main.o(i.camera_new_pathname) refers to ff.o(i.f_open) for f_open
    main.o(i.camera_new_pathname) refers to exfuns.o(.data) for ftemp
    main.o(i.camera_refresh) refers to lcd.o(i.LCD_Scan_Dir) for LCD_Scan_Dir
    main.o(i.camera_refresh) refers to lcd.o(i.LCD_Set_Window) for LCD_Set_Window
    main.o(i.camera_refresh) refers to lcd.o(i.LCD_WriteRAM_Prepare) for LCD_WriteRAM_Prepare
    main.o(i.camera_refresh) refers to exti.o(.data) for ov_sta
    main.o(i.camera_refresh) refers to lcd.o(.bss) for lcddev
    main.o(i.camera_refresh) refers to timer.o(.data) for ov_frame
    main.o(i.main) refers to delay.o(i.delay_init) for delay_init
    main.o(i.main) refers to misc.o(i.NVIC_PriorityGroupConfig) for NVIC_PriorityGroupConfig
    main.o(i.main) refers to usart.o(i.uart_init) for uart_init
    main.o(i.main) refers to led.o(i.LED_Init) for LED_Init
    main.o(i.main) refers to key.o(i.KEY_Init) for KEY_Init
    main.o(i.main) refers to lcd.o(i.LCD_Init) for LCD_Init
    main.o(i.main) refers to beep.o(i.BEEP_Init) for BEEP_Init
    main.o(i.main) refers to w25qxx.o(i.W25QXX_Init) for W25QXX_Init
    main.o(i.main) refers to malloc.o(i.my_mem_init) for my_mem_init
    main.o(i.main) refers to exfuns.o(i.exfuns_init) for exfuns_init
    main.o(i.main) refers to ff.o(i.f_mount) for f_mount
    main.o(i.main) refers to lcd.o(i.LCD_ShowString) for LCD_ShowString
    main.o(i.main) refers to delay.o(i.delay_ms) for delay_ms
    main.o(i.main) refers to lcd.o(i.LCD_Fill) for LCD_Fill
    main.o(i.main) refers to fontupd.o(i.font_init) for font_init
    main.o(i.main) refers to text.o(i.Show_Str) for Show_Str
    main.o(i.main) refers to ff.o(i.f_mkdir) for f_mkdir
    main.o(i.main) refers to malloc.o(i.mymalloc) for mymalloc
    main.o(i.main) refers to ov7670.o(i.OV7670_Init) for OV7670_Init
    main.o(i.main) refers to timer.o(i.TIM6_Int_Init) for TIM6_Int_Init
    main.o(i.main) refers to exti.o(i.EXTI8_Init) for EXTI8_Init
    main.o(i.main) refers to ov7670.o(i.OV7670_Window_Set) for OV7670_Window_Set
    main.o(i.main) refers to lcd.o(i.LCD_Clear) for LCD_Clear
    main.o(i.main) refers to key.o(i.KEY_Scan) for KEY_Scan
    main.o(i.main) refers to main.o(i.camera_refresh) for camera_refresh
    main.o(i.main) refers to main.o(i.camera_new_pathname) for camera_new_pathname
    main.o(i.main) refers to bmp.o(i.bmp_encode) for bmp_encode
    main.o(i.main) refers to piclib.o(i.piclib_init) for piclib_init
    main.o(i.main) refers to piclib.o(i.ai_load_picfile) for ai_load_picfile
    main.o(i.main) refers to main.o(i.stdbmp_send) for stdbmp_send
    main.o(i.main) refers to usmart_config.o(.data) for usmart_dev
    main.o(i.main) refers to exfuns.o(.data) for fs
    main.o(i.main) refers to lcd.o(.data) for POINT_COLOR
    main.o(i.main) refers to lcd.o(.bss) for lcddev
    main.o(i.stdbmp_send) refers to piclib.o(i.pic_memalloc) for pic_memalloc
    main.o(i.stdbmp_send) refers to ff.o(i.f_open) for f_open
    main.o(i.stdbmp_send) refers to piclib.o(i.pic_memfree) for pic_memfree
    main.o(i.stdbmp_send) refers to ff.o(i.f_read) for f_read
    main.o(i.stdbmp_send) refers to piclib.o(i.ai_draw_init) for ai_draw_init
    main.o(i.stdbmp_send) refers to piclib.o(i.is_element_ok) for is_element_ok
    main.o(i.stdbmp_send) refers to fflt_clz.o(x$fpl$ffltu) for __aeabi_ui2f
    main.o(i.stdbmp_send) refers to fmul.o(x$fpl$fmul) for __aeabi_fmul
    main.o(i.stdbmp_send) refers to ffixu.o(x$fpl$ffixu) for __aeabi_f2uiz
    main.o(i.stdbmp_send) refers to stm32f10x_usart.o(i.USART_SendData) for USART_SendData
    main.o(i.stdbmp_send) refers to stm32f10x_usart.o(i.USART_GetFlagStatus) for USART_GetFlagStatus
    main.o(i.stdbmp_send) refers to delay.o(i.delay_us) for delay_us
    main.o(i.stdbmp_send) refers to ff.o(i.f_close) for f_close
    main.o(i.stdbmp_send) refers to piclib.o(.bss) for picinfo
    system_stm32f10x.o(i.SystemCoreClockUpdate) refers to system_stm32f10x.o(.data) for .data
    system_stm32f10x.o(i.SystemInit) refers to system_stm32f10x.o(i.SetSysClockTo72) for SetSysClockTo72
    led.o(i.LED_Init) refers to stm32f10x_rcc.o(i.RCC_APB2PeriphClockCmd) for RCC_APB2PeriphClockCmd
    led.o(i.LED_Init) refers to stm32f10x_gpio.o(i.GPIO_Init) for GPIO_Init
[...]
    TIM7_IRQHandler                          0x08000247   Thumb Code     0  startup_stm32f10x_hd.o(.text)
    TIM8_BRK_IRQHandler                      0x08000247   Thumb Code     0  startup_stm32f10x_hd.o(.text)
    TIM8_CC_IRQHandler                       0x08000247   Thumb Code     0  startup_stm32f10x_hd.o(.text)
    TIM8_TRG_COM_IRQHandler                  0x08000247   Thumb Code     0  startup_stm32f10x_hd.o(.text)
    TIM8_UP_IRQHandler                       0x08000247   Thumb Code     0  startup_stm32f10x_hd.o(.text)
    UART4_IRQHandler                         0x08000247   Thumb Code     0  startup_stm32f10x_hd.o(.text)
    UART5_IRQHandler                         0x08000247   Thumb Code     0  startup_stm32f10x_hd.o(.text)
    USART2_IRQHandler                        0x08000247   Thumb Code     0  startup_stm32f10x_hd.o(.text)
    USART3_IRQHandler                        0x08000247   Thumb Code     0  startup_stm32f10x_hd.o(.text)
    USBWakeUp_IRQHandler                     0x08000247   Thumb Code     0  startup_stm32f10x_hd.o(.text)
    USB_HP_CAN1_TX_IRQHandler                0x08000247   Thumb Code     0  startup_stm32f10x_hd.o(.text)
    USB_LP_CAN1_RX0_IRQHandler               0x08000247   Thumb Code     0  startup_stm32f10x_hd.o(.text)
    WWDG_IRQHandler                          0x08000247   Thumb Code     0  startup_stm32f10x_hd.o(.text)
    __user_initial_stackheap                 0x08000249   Thumb Code     0  startup_stm32f10x_hd.o(.text)
    __use_no_semihosting                     0x0800026d   Thumb Code     2  use_no_semi_2.o(.text)
    __aeabi_ldivmod                          0x0800026f   Thumb Code     0  llsdiv.o(.text)
    _ll_sdiv                                 0x0800026f   Thumb Code    72  llsdiv.o(.text)
    __2printf                                0x080002b9   Thumb Code    20  noretval__2printf.o(.text)
    __2sprintf                               0x080002d1   Thumb Code    34  noretval__2sprintf.o(.text)
    _printf_pre_padding                      0x080002f9   Thumb Code    44  _printf_pad.o(.text)
    _printf_post_padding                     0x08000325   Thumb Code    34  _printf_pad.o(.text)
    _printf_str                              0x08000347   Thumb Code    82  _printf_str.o(.text)
    _printf_int_dec                          0x08000399   Thumb Code   104  _printf_dec.o(.text)
    _printf_int_hex                          0x08000411   Thumb Code    84  _printf_hex_int.o(.text)
    _printf_longlong_hex                     0x08000411   Thumb Code     0  _printf_hex_int.o(.text)
    __printf                                 0x08000469   Thumb Code   388  __printf_flags_ss_wp.o(.text)
    strcpy                                   0x080005f1   Thumb Code    72  strcpy.o(.text)
    __aeabi_memcpy                           0x08000639   Thumb Code     0  rt_memcpy_v6.o(.text)
    __rt_memcpy                              0x08000639   Thumb Code   138  rt_memcpy_v6.o(.text)
    _memcpy_lastbytes                        0x0800069f   Thumb Code     0  rt_memcpy_v6.o(.text)
    strcmp                                   0x080006c5   Thumb Code   128  strcmpv7m.o(.text)
    __use_two_region_memory                  0x08000745   Thumb Code     2  heapauxi.o(.text)
    __rt_heap_escrow$2region                 0x08000747   Thumb Code     2  heapauxi.o(.text)
    __rt_heap_expand$2region                 0x08000749   Thumb Code     2  heapauxi.o(.text)
    __I$use$semihosting                      0x0800074b   Thumb Code     0  use_no_semi.o(.text)
    __use_no_semihosting_swi                 0x0800074b   Thumb Code     2  use_no_semi.o(.text)
    __aeabi_uldivmod                         0x0800074d   Thumb Code     0  lludivv7m.o(.text)
    _ll_udiv                                 0x0800074d   Thumb Code   238  lludivv7m.o(.text)
    _printf_int_common                       0x0800083b   Thumb Code   178  _printf_intcommon.o(.text)
    _printf_char_common                      0x080008f7   Thumb Code    32  _printf_char_common.o(.text)
    _sputc                                   0x0800091d   Thumb Code    10  _sputc.o(.text)
    _printf_cs_common                        0x08000927   Thumb Code    20  _printf_char.o(.text)
    _printf_char                             0x0800093b   Thumb Code    16  _printf_char.o(.text)
    _printf_string                           0x0800094b   Thumb Code     8  _printf_char.o(.text)
    _printf_char_file                        0x08000955   Thumb Code    32  _printf_char_file.o(.text)
    __aeabi_memcpy4                          0x08000979   Thumb Code     0  rt_memcpy_w.o(.text)
    __aeabi_memcpy8                          0x08000979   Thumb Code     0  rt_memcpy_w.o(.text)
    __rt_memcpy_w                            0x08000979   Thumb Code   100  rt_memcpy_w.o(.text)
    _memcpy_lastbytes_aligned                0x080009c1   Thumb Code     0  rt_memcpy_w.o(.text)
    ferror                                   0x080009dd   Thumb Code     8  ferror.o(.text)
    __user_setup_stackheap                   0x080009e5   Thumb Code    74  sys_stackheap_outer.o(.text)
    exit                                     0x08000a2f   Thumb Code    12  exit.o(.text)
    __user_libspace                          0x08000a3d   Thumb Code     8  libspace.o(.text)
    __user_perproc_libspace                  0x08000a3d   Thumb Code     0  libspace.o(.text)
    __user_perthread_libspace                0x08000a3d   Thumb Code     0  libspace.o(.text)
    BEEP_Init                                0x08000a45   Thumb Code    38  beep.o(i.BEEP_Init)
    BusFault_Handler                         0x08000a79   Thumb Code     2  stm32f10x_it.o(i.BusFault_Handler)
    CmdError                                 0x08000a7b   Thumb Code    42  sdio_sdcard.o(i.CmdError)
    CmdResp1Error                            0x08000aa5   Thumb Code    74  sdio_sdcard.o(i.CmdResp1Error)
    CmdResp2Error                            0x08000af5   Thumb Code    66  sdio_sdcard.o(i.CmdResp2Error)
    CmdResp3Error                            0x08000b3d   Thumb Code    42  sdio_sdcard.o(i.CmdResp3Error)
    CmdResp6Error                            0x08000b6d   Thumb Code   114  sdio_sdcard.o(i.CmdResp6Error)
    CmdResp7Error                            0x08000be5   Thumb Code    54  sdio_sdcard.o(i.CmdResp7Error)
    DMA_Cmd                                  0x08000c21   Thumb Code    22  stm32f10x_dma.o(i.DMA_Cmd)
    DMA_DeInit                               0x08000c39   Thumb Code   218  stm32f10x_dma.o(i.DMA_DeInit)
    DMA_Init                                 0x08000d1d   Thumb Code    58  stm32f10x_dma.o(i.DMA_Init)
    DebugMon_Handler                         0x08000d57   Thumb Code     2  stm32f10x_it.o(i.DebugMon_Handler)
    EXTI0_IRQHandler                         0x08000d59   Thumb Code    48  exti.o(i.EXTI0_IRQHandler)
    EXTI3_IRQHandler                         0x08000d91   Thumb Code    46  exti.o(i.EXTI3_IRQHandler)
    EXTI4_IRQHandler                         0x08000dc9   Thumb Code    46  exti.o(i.EXTI4_IRQHandler)
    EXTI8_Init                               0x08000e01   Thumb Code    66  exti.o(i.EXTI8_Init)
    EXTI9_5_IRQHandler                       0x08000e45   Thumb Code    54  exti.o(i.EXTI9_5_IRQHandler)
    EXTI_ClearITPendingBit                   0x08000e89   Thumb Code     6  stm32f10x_exti.o(i.EXTI_ClearITPendingBit)
    EXTI_GetITStatus                         0x08000e95   Thumb Code    28  stm32f10x_exti.o(i.EXTI_GetITStatus)
    EXTI_Init                                0x08000eb5   Thumb Code   108  stm32f10x_exti.o(i.EXTI_Init)
    FSMC_NORSRAMCmd                          0x08000f25   Thumb Code    26  stm32f10x_fsmc.o(i.FSMC_NORSRAMCmd)
    FSMC_NORSRAMInit                         0x08000f45   Thumb Code   200  stm32f10x_fsmc.o(i.FSMC_NORSRAMInit)
    FindSCR                                  0x0800100d   Thumb Code   300  sdio_sdcard.o(i.FindSCR)
    GPIO_EXTILineConfig                      0x08001145   Thumb Code    34  stm32f10x_gpio.o(i.GPIO_EXTILineConfig)
    GPIO_Init                                0x0800116d   Thumb Code   156  stm32f10x_gpio.o(i.GPIO_Init)
    GPIO_PinRemapConfig                      0x08001209   Thumb Code    82  stm32f10x_gpio.o(i.GPIO_PinRemapConfig)
    GPIO_ReadInputDataBit                    0x08001261   Thumb Code    14  stm32f10x_gpio.o(i.GPIO_ReadInputDataBit)
    GPIO_SetBits                             0x0800126f   Thumb Code     4  stm32f10x_gpio.o(i.GPIO_SetBits)
    Get_HzMat                                0x08001275   Thumb Code   134  text.o(i.Get_HzMat)
    HardFault_Handler                        0x08001301   Thumb Code     2  stm32f10x_it.o(i.HardFault_Handler)
    INTX_DISABLE                             0x08001303   Thumb Code     4  sys.o(i.INTX_DISABLE)
    INTX_ENABLE                              0x08001307   Thumb Code     4  sys.o(i.INTX_ENABLE)
    IsCardProgramming                        0x0800130d   Thumb Code   126  sdio_sdcard.o(i.IsCardProgramming)
    KEY_Init                                 0x08001399   Thumb Code    52  key.o(i.KEY_Init)
    KEY_Scan                                 0x080013d5   Thumb Code   154  key.o(i.KEY_Scan)
    LCD_BGR2RGB                              0x0800147d   Thumb Code    18  lcd.o(i.LCD_BGR2RGB)
    LCD_Clear                                0x08001491   Thumb Code   100  lcd.o(i.LCD_Clear)
    LCD_Color_Fill                           0x080014fd   Thumb Code    84  lcd.o(i.LCD_Color_Fill)
    LCD_Display_Dir                          0x08001555   Thumb Code   304  lcd.o(i.LCD_Display_Dir)
    LCD_Fast_DrawPoint                       0x08001689   Thumb Code   276  lcd.o(i.LCD_Fast_DrawPoint)
    LCD_Fill                                 0x080017a5   Thumb Code   132  lcd.o(i.LCD_Fill)
    LCD_Init                                 0x08001831   Thumb Code 11792  lcd.o(i.LCD_Init)
    LCD_RD_DATA                              0x08004645   Thumb Code    16  lcd.o(i.LCD_RD_DATA)
    LCD_ReadPoint                            0x08004659   Thumb Code   254  lcd.o(i.LCD_ReadPoint)
    LCD_ReadReg                              0x08004761   Thumb Code    20  lcd.o(i.LCD_ReadReg)
    LCD_SSD_BackLightSet                     0x08004779   Thumb Code    50  lcd.o(i.LCD_SSD_BackLightSet)
    LCD_Scan_Dir                             0x080047b5   Thumb Code   414  lcd.o(i.LCD_Scan_Dir)
    LCD_SetCursor                            0x0800495d   Thumb Code   320  lcd.o(i.LCD_SetCursor)
    LCD_Set_Window                           0x08004aa5   Thumb Code   370  lcd.o(i.LCD_Set_Window)
    LCD_ShowChar                             0x08004c21   Thumb Code   182  lcd.o(i.LCD_ShowChar)
    LCD_ShowString                           0x08004ced   Thumb Code    84  lcd.o(i.LCD_ShowString)
    LCD_WriteRAM_Prepare                     0x08004d41   Thumb Code    10  lcd.o(i.LCD_WriteRAM_Prepare)
    LCD_WriteReg                             0x08004d55   Thumb Code    10  lcd.o(i.LCD_WriteReg)
    LED_Init                                 0x08004d65   Thumb Code    70  led.o(i.LED_Init)
    MemManage_Handler                        0x08004db5   Thumb Code     2  stm32f10x_it.o(i.MemManage_Handler)
    NMI_Handler                              0x08004db7   Thumb Code     2  stm32f10x_it.o(i.NMI_Handler)
    NVIC_Init                                0x08004db9   Thumb Code    94  misc.o(i.NVIC_Init)
    NVIC_PriorityGroupConfig                 0x08004e1d   Thumb Code    10  misc.o(i.NVIC_PriorityGroupConfig)
    OV7670_Init                              0x08004e31   Thumb Code   242  ov7670.o(i.OV7670_Init)
    OV7670_Window_Set                        0x08004f41   Thumb Code   110  ov7670.o(i.OV7670_Window_Set)
    PendSV_Handler                           0x08004faf   Thumb Code     2  stm32f10x_it.o(i.PendSV_Handler)
    RCC_AHBPeriphClockCmd                    0x08004fb1   Thumb Code    18  stm32f10x_rcc.o(i.RCC_AHBPeriphClockCmd)
    RCC_APB1PeriphClockCmd                   0x08004fc9   Thumb Code    18  stm32f10x_rcc.o(i.RCC_APB1PeriphClockCmd)
    RCC_APB2PeriphClockCmd                   0x08004fe1   Thumb Code    18  stm32f10x_rcc.o(i.RCC_APB2PeriphClockCmd)
    RCC_GetClocksFreq                        0x08004ff9   Thumb Code   132  stm32f10x_rcc.o(i.RCC_GetClocksFreq)
    SCCB_Init                                0x0800508d   Thumb Code    98  sccb.o(i.SCCB_Init)
    SCCB_No_Ack                              0x080050f9   Thumb Code    58  sccb.o(i.SCCB_No_Ack)
    SCCB_RD_Byte                             0x0800513d   Thumb Code   102  sccb.o(i.SCCB_RD_Byte)
    SCCB_RD_Reg                              0x080051b1   Thumb Code    76  sccb.o(i.SCCB_RD_Reg)
    SCCB_Start                               0x080051fd   Thumb Code    44  sccb.o(i.SCCB_Start)
    SCCB_Stop                                0x08005231   Thumb Code    46  sccb.o(i.SCCB_Stop)
    SCCB_WR_Byte                             0x08005269   Thumb Code   130  sccb.o(i.SCCB_WR_Byte)
    SCCB_WR_Reg                              0x080052f9   Thumb Code    62  sccb.o(i.SCCB_WR_Reg)
    SDEnWideBus                              0x08005339   Thumb Code   126  sdio_sdcard.o(i.SDEnWideBus)
    SDIO_ClearFlag                           0x080053c5   Thumb Code     6  stm32f10x_sdio.o(i.SDIO_ClearFlag)
    SDIO_ClockCmd                            0x080053d1   Thumb Code     8  stm32f10x_sdio.o(i.SDIO_ClockCmd)
    SDIO_Clock_Set                           0x080053dd   Thumb Code    14  sdio_sdcard.o(i.SDIO_Clock_Set)
    SDIO_DMACmd                              0x080053f1   Thumb Code     6  stm32f10x_sdio.o(i.SDIO_DMACmd)
    SDIO_DataConfig                          0x080053fd   Thumb Code    38  stm32f10x_sdio.o(i.SDIO_DataConfig)
    SDIO_DeInit                              0x08005429   Thumb Code    26  stm32f10x_sdio.o(i.SDIO_DeInit)
    SDIO_GetFlagStatus                       0x0800544d   Thumb Code    16  stm32f10x_sdio.o(i.SDIO_GetFlagStatus)
    SDIO_GetPowerState                       0x08005461   Thumb Code    10  stm32f10x_sdio.o(i.SDIO_GetPowerState)
    SDIO_IRQHandler                          0x08005471   Thumb Code     4  sdio_sdcard.o(i.SDIO_IRQHandler)
    SDIO_Init                                0x08005475   Thumb Code    40  stm32f10x_sdio.o(i.SDIO_Init)
    SDIO_ReadData                            0x080054a1   Thumb Code     8  stm32f10x_sdio.o(i.SDIO_ReadData)
    SDIO_SendCommand                         0x080054ad   Thumb Code    34  stm32f10x_sdio.o(i.SDIO_SendCommand)
    SDIO_SetPowerState                       0x080054d5   Thumb Code    18  stm32f10x_sdio.o(i.SDIO_SetPowerState)
    SDIO_WriteData                           0x080054ed   Thumb Code     8  stm32f10x_sdio.o(i.SDIO_WriteData)
    SD_DMA_Config                            0x080054f9   Thumb Code    88  sdio_sdcard.o(i.SD_DMA_Config)
    SD_EnableWideBusOperation                0x08005559   Thumb Code    68  sdio_sdcard.o(i.SD_EnableWideBusOperation)
    SD_GetCardInfo                           0x080055a5   Thumb Code   526  sdio_sdcard.o(i.SD_GetCardInfo)
    SD_Init                                  0x080057bd   Thumb Code   206  sdio_sdcard.o(i.SD_Init)
    SD_InitializeCards                       0x0800589d   Thumb Code   262  sdio_sdcard.o(i.SD_InitializeCards)
    SD_PowerON                               0x080059b1   Thumb Code   390  sdio_sdcard.o(i.SD_PowerON)
    SD_ProcessIRQSrc                         0x08005b4d   Thumb Code   220  sdio_sdcard.o(i.SD_ProcessIRQSrc)
    SD_ReadBlock                             0x08005c35   Thumb Code   482  sdio_sdcard.o(i.SD_ReadBlock)
    SD_ReadDisk                              0x08005e2d   Thumb Code   114  sdio_sdcard.o(i.SD_ReadDisk)
    SD_ReadMultiBlocks                       0x08005ea5   Thumb Code   586  sdio_sdcard.o(i.SD_ReadMultiBlocks)
    SD_SelectDeselect                        0x08006105   Thumb Code    40  sdio_sdcard.o(i.SD_SelectDeselect)
    SD_SetDeviceMode                         0x08006131   Thumb Code    20  sdio_sdcard.o(i.SD_SetDeviceMode)
    SD_WriteBlock                            0x08006149   Thumb Code   698  sdio_sdcard.o(i.SD_WriteBlock)
    SD_WriteDisk                             0x08006415   Thumb Code   108  sdio_sdcard.o(i.SD_WriteDisk)
    SD_WriteMultiBlocks                      0x08006485   Thumb Code   722  sdio_sdcard.o(i.SD_WriteMultiBlocks)
    SPI2_Init                                0x08006769   Thumb Code   138  spi.o(i.SPI2_Init)
    SPI2_ReadWriteByte                       0x080067fd   Thumb Code    76  spi.o(i.SPI2_ReadWriteByte)
    SPI2_SetSpeed                            0x0800684d   Thumb Code    24  spi.o(i.SPI2_SetSpeed)
    SPI_Cmd                                  0x08006869   Thumb Code    20  stm32f10x_spi.o(i.SPI_Cmd)
    SPI_I2S_GetFlagStatus                    0x0800687d   Thumb Code    14  stm32f10x_spi.o(i.SPI_I2S_GetFlagStatus)
    SPI_I2S_ReceiveData                      0x0800688b   Thumb Code     4  stm32f10x_spi.o(i.SPI_I2S_ReceiveData)
    SPI_I2S_SendData                         0x0800688f   Thumb Code     4  stm32f10x_spi.o(i.SPI_I2S_SendData)
    SPI_Init                                 0x08006893   Thumb Code    56  stm32f10x_spi.o(i.SPI_Init)
    SVC_Handler                              0x080068cb   Thumb Code     2  stm32f10x_it.o(i.SVC_Handler)
    Show_Font                                0x08006975   Thumb Code   154  text.o(i.Show_Font)
    Show_Str                                 0x08006a19   Thumb Code   174  text.o(i.Show_Str)
    SysTick_CLKSourceConfig                  0x08006ac7   Thumb Code    24  misc.o(i.SysTick_CLKSourceConfig)
    SysTick_Handler                          0x08006adf   Thumb Code     2  stm32f10x_it.o(i.SysTick_Handler)
    SystemInit                               0x08006ae1   Thumb Code    64  system_stm32f10x.o(i.SystemInit)
    TIM3_IRQHandler                          0x08006b31   Thumb Code    44  timer.o(i.TIM3_IRQHandler)
    TIM4_IRQHandler                          0x08006b65   Thumb Code    50  usmart.o(i.TIM4_IRQHandler)
    TIM5_IRQHandler                          0x08006ba1   Thumb Code   128  timer.o(i.TIM5_IRQHandler)
    TIM6_IRQHandler                          0x08006c29   Thumb Code    32  timer.o(i.TIM6_IRQHandler)
    TIM6_Int_Init                            0x08006c51   Thumb Code    90  timer.o(i.TIM6_Int_Init)
    TIM_ClearFlag                            0x08006cb1   Thumb Code     6  stm32f10x_tim.o(i.TIM_ClearFlag)
    TIM_ClearITPendingBit                    0x08006cb7   Thumb Code     6  stm32f10x_tim.o(i.TIM_ClearITPendingBit)
    TIM_Cmd                                  0x08006cbd   Thumb Code    20  stm32f10x_tim.o(i.TIM_Cmd)
    TIM_GetCapture1                          0x08006cd1   Thumb Code     4  stm32f10x_tim.o(i.TIM_GetCapture1)
    TIM_GetCounter                           0x08006cd5   Thumb Code     4  stm32f10x_tim.o(i.TIM_GetCounter)
    TIM_GetFlagStatus                        0x08006cd9   Thumb Code    14  stm32f10x_tim.o(i.TIM_GetFlagStatus)
    TIM_GetITStatus                          0x08006ce7   Thumb Code    24  stm32f10x_tim.o(i.TIM_GetITStatus)
    TIM_ITConfig                             0x08006cff   Thumb Code    16  stm32f10x_tim.o(i.TIM_ITConfig)
    TIM_OC1PolarityConfig                    0x08006d0f   Thumb Code    12  stm32f10x_tim.o(i.TIM_OC1PolarityConfig)
    TIM_SetAutoreload                        0x08006d1b   Thumb Code     4  stm32f10x_tim.o(i.TIM_SetAutoreload)
    TIM_SetCounter                           0x08006d1f   Thumb Code     4  stm32f10x_tim.o(i.TIM_SetCounter)
    TIM_TimeBaseInit                         0x08006d25   Thumb Code   114  stm32f10x_tim.o(i.TIM_TimeBaseInit)
    Timer4_Init                              0x08006dc1   Thumb Code    90  usmart.o(i.Timer4_Init)
    USART1_IRQHandler                        0x08006e21   Thumb Code    88  usart.o(i.USART1_IRQHandler)
    USART_Cmd                                0x08006e85   Thumb Code    20  stm32f10x_usart.o(i.USART_Cmd)
    USART_GetFlagStatus                      0x08006e99   Thumb Code    14  stm32f10x_usart.o(i.USART_GetFlagStatus)
    USART_GetITStatus                        0x08006ea7   Thumb Code    62  stm32f10x_usart.o(i.USART_GetITStatus)
    USART_ITConfig                           0x08006ee5   Thumb Code    48  stm32f10x_usart.o(i.USART_ITConfig)
    USART_Init                               0x08006f15   Thumb Code   166  stm32f10x_usart.o(i.USART_Init)
    USART_ReceiveData                        0x08006fc1   Thumb Code     8  stm32f10x_usart.o(i.USART_ReceiveData)
    USART_SendData                           0x08006fc9   Thumb Code     8  stm32f10x_usart.o(i.USART_SendData)
    UsageFault_Handler                       0x08006fd1   Thumb Code     2  stm32f10x_it.o(i.UsageFault_Handler)
    W25QXX_Erase_Sector                      0x08006fd5   Thumb Code    74  w25qxx.o(i.W25QXX_Erase_Sector)
    W25QXX_Init                              0x0800702d   Thumb Code    76  w25qxx.o(i.W25QXX_Init)
    W25QXX_Read                              0x08007085   Thumb Code    76  w25qxx.o(i.W25QXX_Read)
    W25QXX_ReadID                            0x080070d5   Thumb Code    62  w25qxx.o(i.W25QXX_ReadID)
    W25QXX_ReadSR                            0x08007119   Thumb Code    32  w25qxx.o(i.W25QXX_ReadSR)
    W25QXX_Wait_Busy                         0x0800713d   Thumb Code    12  w25qxx.o(i.W25QXX_Wait_Busy)
    W25QXX_Write                             0x08007149   Thumb Code   150  w25qxx.o(i.W25QXX_Write)
    W25QXX_Write_Enable                      0x080071e5   Thumb Code    26  w25qxx.o(i.W25QXX_Write_Enable)
    W25QXX_Write_NoCheck                     0x08007205   Thumb Code    62  w25qxx.o(i.W25QXX_Write_NoCheck)
    W25QXX_Write_Page                        0x08007245   Thumb Code    82  w25qxx.o(i.W25QXX_Write_Page)
    _is_digit                                0x0800729d   Thumb Code    14  __printf_wp.o(i._is_digit)
    _sys_exit                                0x080072ab   Thumb Code     2  usart.o(i._sys_exit)
    ai_draw_init                             0x080072ad   Thumb Code   204  piclib.o(i.ai_draw_init)
    ai_load_picfile                          0x0800737d   Thumb Code   130  piclib.o(i.ai_load_picfile)
    bmp_encode                               0x08007681   Thumb Code   416  bmp.o(i.bmp_encode)
    camera_new_pathname                      0x08007829   Thumb Code    50  main.o(i.camera_new_pathname)
    camera_refresh                           0x08007875   Thumb Code   228  main.o(i.camera_refresh)
    char_upper                               0x08007975   Thumb Code    14  exfuns.o(i.char_upper)
    clust2sect                               0x08007a15   Thumb Code    24  ff.o(i.clust2sect)
    convert_from_bytes_to_power_of_two       0x08007a2d   Thumb Code    18  sdio_sdcard.o(i.convert_from_bytes_to_power_of_two)
    delay_init                               0x08007dc1   Thumb Code    46  delay.o(i.delay_init)
    delay_ms                                 0x08007dfd   Thumb Code    46  delay.o(i.delay_ms)
    delay_us                                 0x08007e31   Thumb Code    46  delay.o(i.delay_us)
    dir_sdi                                  0x08008321   Thumb Code   124  ff.o(i.dir_sdi)
    disk_initialize                          0x0800839d   Thumb Code    36  diskio.o(i.disk_initialize)
    disk_ioctl                               0x080083c5   Thumb Code   106  diskio.o(i.disk_ioctl)
    disk_read                                0x08008439   Thumb Code    76  diskio.o(i.disk_read)
    disk_status                              0x08008485   Thumb Code     4  diskio.o(i.disk_status)
    disk_write                               0x08008489   Thumb Code    76  diskio.o(i.disk_write)
    exfuns_init                              0x080084d5   Thumb Code    94  exfuns.o(i.exfuns_init)
    f_close                                  0x08008539   Thumb Code    28  ff.o(i.f_close)
    f_lseek                                  0x08008555   Thumb Code   512  ff.o(i.f_lseek)
    f_mkdir                                  0x08008755   Thumb Code   384  ff.o(i.f_mkdir)
    f_mount                                  0x080088d5   Thumb Code    72  ff.o(i.f_mount)
    f_open                                   0x08008921   Thumb Code   344  ff.o(i.f_open)
    f_opendir                                0x08008a79   Thumb Code   128  ff.o(i.f_opendir)
    f_read                                   0x08008af9   Thumb Code   328  ff.o(i.f_read)
    f_readdir                                0x08008c41   Thumb Code   116  ff.o(i.f_readdir)
    f_sync                                   0x08008cb5   Thumb Code   152  ff.o(i.f_sync)
    f_typetell                               0x08008d4d   Thumb Code   138  exfuns.o(i.f_typetell)
    f_write                                  0x08008ddd   Thumb Code   384  ff.o(i.f_write)
    ff_convert                               0x08008f5d   Thumb Code   106  mycc936.o(i.ff_convert)
    ff_memalloc                              0x08008fcd   Thumb Code     8  diskio.o(i.ff_memalloc)
    ff_memfree                               0x08008fd5   Thumb Code     8  diskio.o(i.ff_memfree)
    ff_wtoupper                              0x08008fdd   Thumb Code    28  mycc936.o(i.ff_wtoupper)
    font_init                                0x080092a1   Thumb Code    58  fontupd.o(i.font_init)
    fputc                                    0x080092e1   Thumb Code    18  usart.o(i.fputc)
    get_fat                                  0x08009385   Thumb Code   190  ff.o(i.get_fat)
    get_fattime                              0x08009443   Thumb Code     4  diskio.o(i.get_fattime)
    gif_check_head                           0x08009545   Thumb Code    78  gif.o(i.gif_check_head)
    gif_clear2bkcolor                        0x08009595   Thumb Code   326  gif.o(i.gif_clear2bkcolor)
    gif_decode                               0x080096e1   Thumb Code   258  gif.o(i.gif_decode)
    gif_dispimage                            0x080097e9   Thumb Code   410  gif.o(i.gif_dispimage)
    gif_drawimage                            0x0800998d   Thumb Code   284  gif.o(i.gif_drawimage)
    gif_getdatablock                         0x08009aa9   Thumb Code    58  gif.o(i.gif_getdatablock)
    gif_getinfo                              0x08009ae3   Thumb Code    54  gif.o(i.gif_getinfo)
    gif_getnextbyte                          0x08009b19   Thumb Code   572  gif.o(i.gif_getnextbyte)
    gif_getnextcode                          0x08009d55   Thumb Code   288  gif.o(i.gif_getnextcode)
    gif_getrgb565                            0x08009e79   Thumb Code    24  gif.o(i.gif_getrgb565)
    gif_initlzw                              0x08009e91   Thumb Code   138  gif.o(i.gif_initlzw)
    gif_readcolortbl                         0x08009f1b   Thumb Code    58  gif.o(i.gif_readcolortbl)
    gif_readextension                        0x08009f55   Thumb Code   130  gif.o(i.gif_readextension)
    gif_recovergctbl                         0x08009fd7   Thumb Code    22  gif.o(i.gif_recovergctbl)
    gif_savegctbl                            0x08009fed   Thumb Code    22  gif.o(i.gif_savegctbl)
    is_element_ok                            0x0800a0a5   Thumb Code    32  piclib.o(i.is_element_ok)
    jd_decomp                                0x0800a0c9   Thumb Code   230  tjpgd.o(i.jd_decomp)
    jd_prepare                               0x0800a1b1   Thumb Code   706  tjpgd.o(i.jd_prepare)
    jpeg_freeall                             0x0800a479   Thumb Code    26  tjpgd.o(i.jpeg_freeall)
    jpeg_in_func                             0x0800a499   Thumb Code    36  tjpgd.o(i.jpeg_in_func)
    jpeg_mallocall                           0x0800a4bd   Thumb Code    46  tjpgd.o(i.jpeg_mallocall)
    jpeg_out_func_fill                       0x0800a4f1   Thumb Code    50  tjpgd.o(i.jpeg_out_func_fill)
    jpeg_out_func_point                      0x0800a52d   Thumb Code   160  tjpgd.o(i.jpeg_out_func_point)
    jpg_decode                               0x0800a5d5   Thumb Code   174  tjpgd.o(i.jpg_decode)
    main                                     0x0800a6ad   Thumb Code   854  main.o(i.main)
    mf_scan_files                            0x0800afa1   Thumb Code   100  fattester.o(i.mf_scan_files)
    minibmp_decode                           0x0800b01d   Thumb Code   734  bmp.o(i.minibmp_decode)
    my_mem_free                              0x0800b339   Thumb Code    78  malloc.o(i.my_mem_free)
    my_mem_init                              0x0800b391   Thumb Code    50  malloc.o(i.my_mem_init)
    my_mem_malloc                            0x0800b3cd   Thumb Code   130  malloc.o(i.my_mem_malloc)
    my_mem_perused                           0x0800b459   Thumb Code    48  malloc.o(i.my_mem_perused)
    myfree                                   0x0800b491   Thumb Code    20  malloc.o(i.myfree)
    mymalloc                                 0x0800b4a9   Thumb Code    28  malloc.o(i.mymalloc)
    mymemset                                 0x0800b4c9   Thumb Code    12  malloc.o(i.mymemset)
    pic_memalloc                             0x0800b4d5   Thumb Code     8  piclib.o(i.pic_memalloc)
    pic_memfree                              0x0800b4dd   Thumb Code     8  piclib.o(i.pic_memfree)
    piclib_alpha_blend                       0x0800b4e5   Thumb Code    32  piclib.o(i.piclib_alpha_blend)
    piclib_draw_hline                        0x0800b509   Thumb Code    38  piclib.o(i.piclib_draw_hline)
    piclib_fill_color                        0x0800b535   Thumb Code    24  piclib.o(i.piclib_fill_color)
    piclib_init                              0x0800b54d   Thumb Code    56  piclib.o(i.piclib_init)
    put_fat                                  0x0800b5a1   Thumb Code   244  ff.o(i.put_fat)
    read_addr                                0x0800b695   Thumb Code     4  usmart.o(i.read_addr)
    stdbmp_decode                            0x0800b70d   Thumb Code   506  bmp.o(i.stdbmp_decode)
    stdbmp_send                              0x0800b911   Thumb Code   564  main.o(i.stdbmp_send)
    uart_init                                0x0800bc6d   Thumb Code   152  usart.o(i.uart_init)
    usmart_cmd_rec                           0x0800bd0d   Thumb Code   144  usmart.o(i.usmart_cmd_rec)
    usmart_exe                               0x0800bda1   Thumb Code   510  usmart.o(i.usmart_exe)
    usmart_get_aparm                         0x0800c001   Thumb Code   156  usmart_str.o(i.usmart_get_aparm)
    usmart_get_cmdname                       0x0800c09d   Thumb Code    46  usmart_str.o(i.usmart_get_cmdname)
    usmart_get_fname                         0x0800c0cd   Thumb Code   352  usmart_str.o(i.usmart_get_fname)
    usmart_get_fparam                        0x0800c235   Thumb Code   202  usmart_str.o(i.usmart_get_fparam)
    usmart_get_parmpos                       0x0800c305   Thumb Code    30  usmart_str.o(i.usmart_get_parmpos)
    usmart_get_runtime                       0x0800c329   Thumb Code    48  usmart.o(i.usmart_get_runtime)
    usmart_init                              0x0800c361   Thumb Code    36  usmart.o(i.usmart_init)
    usmart_pow                               0x0800c389   Thumb Code    16  usmart_str.o(i.usmart_pow)
    usmart_reset_runtime                     0x0800c399   Thumb Code    40  usmart.o(i.usmart_reset_runtime)
    usmart_scan                              0x0800c3c9   Thumb Code    94  usmart.o(i.usmart_scan)
    usmart_search_nextc                      0x0800c46d   Thumb Code    16  usmart_str.o(i.usmart_search_nextc)
    usmart_str2num                           0x0800c47d   Thumb Code   160  usmart_str.o(i.usmart_str2num)
    usmart_strcmp                            0x0800c51d   Thumb Code    24  usmart_str.o(i.usmart_strcmp)
    usmart_strcopy                           0x0800c535   Thumb Code    18  usmart_str.o(i.usmart_strcopy)
    usmart_strlen                            0x0800c547   Thumb Code    18  usmart_str.o(i.usmart_strlen)
    usmart_sys_cmd_exe                       0x0800c559   Thumb Code  1442  usmart.o(i.usmart_sys_cmd_exe)
    write_addr                               0x0800cbef   Thumb Code     4  usmart.o(i.write_addr)
    __aeabi_d2uiz                            0x0800cbf5   Thumb Code     0  dfixu.o(x$fpl$dfixu)
    _dfixu                                   0x0800cbf5   Thumb Code    90  dfixu.o(x$fpl$dfixu)
    __aeabi_ui2d                             0x0800cc4f   Thumb Code     0  dflt_clz.o(x$fpl$dfltu)
    _dfltu                                   0x0800cc4f   Thumb Code    38  dflt_clz.o(x$fpl$dfltu)
    __aeabi_dmul                             0x0800cc75   Thumb Code     0  dmul.o(x$fpl$dmul)
    _dmul                                    0x0800cc75   Thumb Code   332  dmul.o(x$fpl$dmul)
    __fpl_dnaninf                            0x0800cdc9   Thumb Code   156  dnaninf.o(x$fpl$dnaninf)
    __fpl_dretinf                            0x0800ce65   Thumb Code    12  dretinf.o(x$fpl$dretinf)
    __aeabi_fadd                             0x0800ce71   Thumb Code     0  faddsub_clz.o(x$fpl$fadd)
    _fadd                                    0x0800ce71   Thumb Code   196  faddsub_clz.o(x$fpl$fadd)
    __fpl_fcheck_NaN1                        0x0800cf35   Thumb Code     6  fcheck1.o(x$fpl$fcheck1)
    __fpl_fcmp_Inf                           0x0800cf41   Thumb Code    24  fcmpi.o(x$fpl$fcmpinf)
    __aeabi_fdiv                             0x0800cf59   Thumb Code     0  fdiv.o(x$fpl$fdiv)
    _fdiv                                    0x0800cf59   Thumb Code   384  fdiv.o(x$fpl$fdiv)
    __aeabi_f2uiz                            0x0800d0dd   Thumb Code     0  ffixu.o(x$fpl$ffixu)
    _ffixu                                   0x0800d0dd   Thumb Code    62  ffixu.o(x$fpl$ffixu)
    __aeabi_ui2f                             0x0800d11d   Thumb Code     0  fflt_clz.o(x$fpl$ffltu)
    _ffltu                                   0x0800d11d   Thumb Code    38  fflt_clz.o(x$fpl$ffltu)
    __aeabi_cfcmple                          0x0800d145   Thumb Code     0  fleqf.o(x$fpl$fleqf)
    _fcmple                                  0x0800d145   Thumb Code   104  fleqf.o(x$fpl$fleqf)
    __fpl_fcmple_InfNaN                      0x0800d197   Thumb Code     0  fleqf.o(x$fpl$fleqf)
    __aeabi_fmul                             0x0800d1ad   Thumb Code     0  fmul.o(x$fpl$fmul)
    _fmul                                    0x0800d1ad   Thumb Code   258  fmul.o(x$fpl$fmul)
    __fpl_fnaninf                            0x0800d2af   Thumb Code   140  fnaninf.o(x$fpl$fnaninf)
    __fpl_fretinf                            0x0800d33b   Thumb Code    10  fretinf.o(x$fpl$fretinf)
    __aeabi_fsub                             0x0800d345   Thumb Code     0  faddsub_clz.o(x$fpl$fsub)
    _fsub                                    0x0800d345   Thumb Code   234  faddsub_clz.o(x$fpl$fsub)
    __fpl_return_NaN                         0x0800d42f   Thumb Code   100  retnan.o(x$fpl$retnan)
    __ARM_scalbnf                            0x0800d493   Thumb Code    76  scalbnf.o(x$fpl$scalbnf)
    __fpl_cmpreturn                          0x0800d4df   Thumb Code    48  trapv.o(x$fpl$trapveneer)
    __I$use$fp                               0x0800d50e   Number         0  usenofp.o(x$fpl$usenofp)
    asc2_1206                                0x0800d50e   Data        1140  lcd.o(.constdata)
    asc2_1608                                0x0800d982   Data        1520  lcd.o(.constdata)
    asc2_2412                                0x0800df72   Data        3420  lcd.o(.constdata)
    ov7670_init_reg_tbl                      0x0800ecce   Data         336  ov7670.o(.constdata)
    memtblsize                               0x0800ee20   Data           8  malloc.o(.constdata)
    memblksize                               0x0800ee28   Data           8  malloc.o(.constdata)
    memsize                                  0x0800ee30   Data           8  malloc.o(.constdata)
    FILE_TYPE_TBL                            0x0800ee74   Data         312  exfuns.o(.constdata)
    _aInterlaceOffset                        0x0800f36c   Data           4  gif.o(.constdata)
    _aInterlaceYPos                          0x0800f370   Data           4  gif.o(.constdata)
    _aMaskTbl                                0x0800f374   Data          32  gif.o(.constdata)
    Region$$Table$$Base                      0x0800fa60   Number         0  anon$$obj.o(Region$$Table)
    Region$$Table$$Limit                     0x0800fa80   Number         0  anon$$obj.o(Region$$Table)
    SystemCoreClock                          0x20000000   Data           4  system_stm32f10x.o(.data)
    AHBPrescTable                            0x20000004   Data          16  system_stm32f10x.o(.data)
    POINT_COLOR                              0x20000016   Data           2  lcd.o(.data)
    BACK_COLOR                               0x20000018   Data           2  lcd.o(.data)
    W25QXX_TYPE                              0x2000001a   Data           2  w25qxx.o(.data)
    TransferError                            0x2000001f   Data           1  sdio_sdcard.o(.data)
    TransferEnd                              0x20000020   Data           1  sdio_sdcard.o(.data)
    tempbuff                                 0x20000028   Data           4  sdio_sdcard.o(.data)
    ov_sta                                   0x2000002c   Data           1  exti.o(.data)
    TIM5CH1_CAPTURE_STA                      0x2000002e   Data           1  timer.o(.data)
    ov_frame                                 0x2000002f   Data           1  timer.o(.data)
    TIM5CH1_CAPTURE_VAL                      0x20000030   Data           2  timer.o(.data)
    USART_RX_STA                             0x20000036   Data           2  usart.o(.data)
    __stdout                                 0x20000038   Data           4  usart.o(.data)
    mallco_dev                               0x20000050   Data          28  malloc.o(.data)
    FLASH_SECTOR_COUNT                       0x2000006c   Data           2  diskio.o(.data)
    file                                     0x2000007c   Data           4  exfuns.o(.data)
    ftemp                                    0x20000080   Data           4  exfuns.o(.data)
    fatbuf                                   0x20000084   Data           4  exfuns.o(.data)
    fs                                       0x20000088   Data           8  exfuns.o(.data)
    bw                                       0x20000090   Data           4  exfuns.o(.data)
    sys_cmd_tab                              0x20000094   Data          28  usmart.o(.data)
    usmart_nametab                           0x200000b0   Data          48  usmart_config.o(.data)
    usmart_dev                               0x200000e0   Data         244  usmart_config.o(.data)
    gifdecoding                              0x200001d4   Data           1  gif.o(.data)
    f_jpeg                                   0x200001d8   Data           4  tjpgd.o(.data)
    jpeg_dev                                 0x200001dc   Data           4  tjpgd.o(.data)
    jpg_buffer                               0x200001e0   Data           4  tjpgd.o(.data)
    lcddev                                   0x200001e4   Data          14  lcd.o(.bss)
    W25QXX_BUFFER                            0x200001f2   Data        4096  w25qxx.o(.bss)
    SDIO_InitStructure                       0x200011f8   Data          24  sdio_sdcard.o(.bss)
    SDIO_CmdInitStructure                    0x20001210   Data          20  sdio_sdcard.o(.bss)
    SDIO_DataInitStructure                   0x20001224   Data          24  sdio_sdcard.o(.bss)
    SDCardInfo                               0x20001260   Data          88  sdio_sdcard.o(.bss)
    SDIO_DATA_BUFFER                         0x200012b8   Data         512  sdio_sdcard.o(.bss)
    USART_RX_BUF                             0x200014b8   Data         200  usart.o(.bss)
    mem1base                                 0x20001580   Data       40960  malloc.o(.bss)
    mem1mapbase                              0x2000b580   Data        2560  malloc.o(.bss)
    fileinfo                                 0x2000bf80   Data          32  exfuns.o(.bss)
    dir                                      0x2000bfa0   Data          36  exfuns.o(.bss)
    ftinfo                                   0x2000bfc4   Data          33  fontupd.o(.bss)
    picinfo                                  0x2000bfe8   Data          40  piclib.o(.bss)
    pic_phy                                  0x2000c010   Data          20  piclib.o(.bss)
    __libspace_start                         0x2000c024   Data          96  libspace.o(.bss)
    __temporary_stack_top$libspace           0x2000c084   Data           0  libspace.o(.bss)
    mem2base                                 0x68000000   Data          32  malloc.o(.ARM.__AT_0x68000000)
    mem2mapbase                              0x68000020   Data           2  malloc.o(.ARM.__AT_0x68000020)



==============================================================================

Memory Map of the image

  Image Entry point : 0x08000131

  Load Region LR_IROM1 (Base: 0x08000000, Size: 0x0000fc64, Max: 0x00080000, ABSOLUTE, COMPRESSED[0x0000fb10])

    Execution Region ER_IROM1 (Base: 0x08000000, Size: 0x0000fa80, Max: 0x00080000, ABSOLUTE)

    Base Addr    Size         Type   Attr      Idx    E Section Name        Object

    0x08000000   0x00000130   Data   RO         1278    RESET               startup_stm32f10x_hd.o
    0x08000130   0x00000008   Code   RO         4203  * !!!main             c_w.l(__main.o)
    0x08000138   0x00000034   Code   RO         4447    !!!scatter          c_w.l(__scatter.o)
    0x0800016c   0x0000005a   Code   RO         4445    !!dczerorl2         c_w.l(__dczerorl2.o)
    0x080001c6   0x00000002   PAD
    0x080001c8   0x0000001c   Code   RO         4449    !!handler_zi        c_w.l(__scatter_zi.o)
    0x080001e4   0x00000000   Code   RO         4190    .ARM.Collect$$_printf_percent$$00000000  c_w.l(_printf_percent.o)
    0x080001e4   0x00000006   Code   RO         4188    .ARM.Collect$$_printf_percent$$00000009  c_w.l(_printf_d.o)
    0x080001ea   0x00000006   Code   RO         4189    .ARM.Collect$$_printf_percent$$0000000A  c_w.l(_printf_u.o)
    0x080001f0   0x00000006   Code   RO         4187    .ARM.Collect$$_printf_percent$$0000000C  c_w.l(_printf_x.o)
    0x080001f6   0x00000006   Code   RO         4185    .ARM.Collect$$_printf_percent$$00000013  c_w.l(_printf_c.o)
    0x080001fc   0x00000006   Code   RO         4186    .ARM.Collect$$_printf_percent$$00000014  c_w.l(_printf_s.o)
    0x08000202   0x00000004   Code   RO         4260    .ARM.Collect$$_printf_percent$$00000017  c_w.l(_printf_percent_end.o)
    0x08000206   0x00000002   Code   RO         4314    .ARM.Collect$$libinit$$00000000  c_w.l(libinit.o)
    0x08000208   0x00000000   Code   RO         4327    .ARM.Collect$$libinit$$00000002  c_w.l(libinit2.o)
    0x08000208   0x00000000   Code   RO         4329    .ARM.Collect$$libinit$$00000004  c_w.l(libinit2.o)
    0x08000208   0x00000000   Code   RO         4332    .ARM.Collect$$libinit$$0000000A  c_w.l(libinit2.o)
    0x08000208   0x00000000   Code   RO         4334    .ARM.Collect$$libinit$$0000000C  c_w.l(libinit2.o)
    0x08000208   0x00000000   Code   RO         4336    .ARM.Collect$$libinit$$0000000E  c_w.l(libinit2.o)
    0x08000208   0x00000000   Code   RO         4339    .ARM.Collect$$libinit$$00000011  c_w.l(libinit2.o)
    0x08000208   0x00000000   Code   RO         4341    .ARM.Collect$$libinit$$00000013  c_w.l(libinit2.o)
    0x08000208   0x00000000   Code   RO         4343    .ARM.Collect$$libinit$$00000015  c_w.l(libinit2.o)
    0x08000208   0x00000000   Code   RO         4345    .ARM.Collect$$libinit$$00000017  c_w.l(libinit2.o)
    0x08000208   0x00000000   Code   RO         4347    .ARM.Collect$$libinit$$00000019  c_w.l(libinit2.o)
    0x08000208   0x00000000   Code   RO         4349    .ARM.Collect$$libinit$$0000001B  c_w.l(libinit2.o)
    0x08000208   0x00000000   Code   RO         4351    .ARM.Collect$$libinit$$0000001D  c_w.l(libinit2.o)
    0x08000208   0x00000000   Code   RO         4353    .ARM.Collect$$libinit$$0000001F  c_w.l(libinit2.o)
    0x08000208   0x00000000   Code   RO         4355    .ARM.Collect$$libinit$$00000021  c_w.l(libinit2.o)
    0x08000208   0x00000000   Code   RO         4357    .ARM.Collect$$libinit$$00000023  c_w.l(libinit2.o)
    0x08000208   0x00000000   Code   RO         4359    .ARM.Collect$$libinit$$00000025  c_w.l(libinit2.o)
    0x08000208   0x00000000   Code   RO         4363    .ARM.Collect$$libinit$$0000002C  c_w.l(libinit2.o)
    0x08000208   0x00000000   Code   RO         4365    .ARM.Collect$$libinit$$0000002E  c_w.l(libinit2.o)
    0x08000208   0x00000000   Code   RO         4367    .ARM.Collect$$libinit$$00000030  c_w.l(libinit2.o)
    0x08000208   0x00000000   Code   RO         4369    .ARM.Collect$$libinit$$00000032  c_w.l(libinit2.o)
    0x08000208   0x00000002   Code   RO         4370    .ARM.Collect$$libinit$$00000033  c_w.l(libinit2.o)
    0x0800020a   0x00000002   Code   RO         4398    .ARM.Collect$$libshutdown$$00000000  c_w.l(libshutdown.o)
    0x0800020c   0x00000000   Code   RO         4413    .ARM.Collect$$libshutdown$$00000003  c_w.l(libshutdown2.o)
    0x0800020c   0x00000000   Code   RO         4416    .ARM.Collect$$libshutdown$$00000006  c_w.l(libshutdown2.o)
    0x0800020c   0x00000000   Code   RO         4419    .ARM.Collect$$libshutdown$$00000009  c_w.l(libshutdown2.o)
    0x0800020c   0x00000000   Code   RO         4421    .ARM.Collect$$libshutdown$$0000000B  c_w.l(libshutdown2.o)
    0x0800020c   0x00000000   Code   RO         4424    .ARM.Collect$$libshutdown$$0000000E  c_w.l(libshutdown2.o)
    0x0800020c   0x00000002   Code   RO         4425    .ARM.Collect$$libshutdown$$0000000F  c_w.l(libshutdown2.o)
    0x0800020e   0x00000000   Code   RO         4247    .ARM.Collect$$rtentry$$00000000  c_w.l(__rtentry.o)
    0x0800020e   0x00000000   Code   RO         4277    .ARM.Collect$$rtentry$$00000002  c_w.l(__rtentry2.o)
    0x0800020e   0x00000006   Code   RO         4289    .ARM.Collect$$rtentry$$00000004  c_w.l(__rtentry4.o)
    0x08000214   0x00000000   Code   RO         4279    .ARM.Collect$$rtentry$$00000009  c_w.l(__rtentry2.o)
    0x08000214   0x00000004   Code   RO         4280    .ARM.Collect$$rtentry$$0000000A  c_w.l(__rtentry2.o)
    0x08000218   0x00000000   Code   RO         4282    .ARM.Collect$$rtentry$$0000000C  c_w.l(__rtentry2.o)
    0x08000218   0x00000008   Code   RO         4283    .ARM.Collect$$rtentry$$0000000D  c_w.l(__rtentry2.o)
    0x08000220   0x00000002   Code   RO         4320    .ARM.Collect$$rtexit$$00000000  c_w.l(rtexit.o)
    0x08000222   0x00000000   Code   RO         4372    .ARM.Collect$$rtexit$$00000002  c_w.l(rtexit2.o)
    0x08000222   0x00000004   Code   RO         4373    .ARM.Collect$$rtexit$$00000003  c_w.l(rtexit2.o)
    0x08000226   0x00000006   Code   RO         4374    .ARM.Collect$$rtexit$$00000004  c_w.l(rtexit2.o)
    0x0800022c   0x00000040   Code   RO         1279    .text               startup_stm32f10x_hd.o
    0x0800026c   0x00000002   Code   RO         4124    .text               c_w.l(use_no_semi_2.o)
    0x0800026e   0x00000048   Code   RO         4126    .text               c_w.l(llsdiv.o)
    0x080002b6   0x00000002   PAD
    0x080002b8   0x00000018   Code   RO         4132    .text               c_w.l(noretval__2printf.o)
    0x080002d0   0x00000028   Code   RO         4134    .text               c_w.l(noretval__2sprintf.o)
    0x080002f8   0x0000004e   Code   RO         4138    .text               c_w.l(_printf_pad.o)
    0x08000346   0x00000052   Code   RO         4140    .text               c_w.l(_printf_str.o)
    0x08000398   0x00000078   Code   RO         4142    .text               c_w.l(_printf_dec.o)
    0x08000410   0x00000058   Code   RO         4147    .text               c_w.l(_printf_hex_int.o)
    0x08000468   0x00000188   Code   RO         4182    .text               c_w.l(__printf_flags_ss_wp.o)
    0x080005f0   0x00000048   Code   RO         4191    .text               c_w.l(strcpy.o)
    0x08000638   0x0000008a   Code   RO         4197    .text               c_w.l(rt_memcpy_v6.o)
    0x080006c2   0x00000002   PAD
    0x080006c4   0x00000080   Code   RO         4199    .text               c_w.l(strcmpv7m.o)
    0x08000744   0x00000006   Code   RO         4201    .text               c_w.l(heapauxi.o)
    0x0800074a   0x00000002   Code   RO         4245    .text               c_w.l(use_no_semi.o)
    0x0800074c   0x000000ee   Code   RO         4248    .text               c_w.l(lludivv7m.o)
    0x0800083a   0x000000b2   Code   RO         4250    .text               c_w.l(_printf_intcommon.o)
    0x080008ec   0x00000030   Code   RO         4252    .text               c_w.l(_printf_char_common.o)
    0x0800091c   0x0000000a   Code   RO         4254    .text               c_w.l(_sputc.o)
    0x08000926   0x0000002c   Code   RO         4256    .text               c_w.l(_printf_char.o)
    0x08000952   0x00000002   PAD
    0x08000954   0x00000024   Code   RO         4258    .text               c_w.l(_printf_char_file.o)
    0x08000978   0x00000064   Code   RO         4261    .text               c_w.l(rt_memcpy_w.o)
    0x080009dc   0x00000008   Code   RO         4297    .text               c_w.l(ferror.o)
    0x080009e4   0x0000004a   Code   RO         4303    .text               c_w.l(sys_stackheap_outer.o)
    0x08000a2e   0x0000000c   Code   RO         4307    .text               c_w.l(exit.o)
    0x08000a3a   0x00000002   PAD
    0x08000a3c   0x00000008   Code   RO         4317    .text               c_w.l(libspace.o)
    0x08000a44   0x00000034   Code   RO          899    i.BEEP_Init         beep.o
    0x08000a78   0x00000002   Code   RO          226    i.BusFault_Handler  stm32f10x_it.o
    0x08000a7a   0x0000002a   Code   RO          703    i.CmdError          sdio_sdcard.o
    0x08000aa4   0x00000050   Code   RO          704    i.CmdResp1Error     sdio_sdcard.o
    0x08000af4   0x00000048   Code   RO          705    i.CmdResp2Error     sdio_sdcard.o
    0x08000b3c   0x00000030   Code   RO          706    i.CmdResp3Error     sdio_sdcard.o
    0x08000b6c   0x00000078   Code   RO          707    i.CmdResp6Error     sdio_sdcard.o
    0x08000be4   0x0000003c   Code   RO          708    i.CmdResp7Error     sdio_sdcard.o
    0x08000c20   0x00000016   Code   RO         2666    i.DMA_Cmd           stm32f10x_dma.o
    0x08000c36   0x00000002   PAD
    0x08000c38   0x000000e4   Code   RO         2667    i.DMA_DeInit        stm32f10x_dma.o
    0x08000d1c   0x0000003a   Code   RO         2672    i.DMA_Init          stm32f10x_dma.o
    0x08000d56   0x00000002   Code   RO          227    i.DebugMon_Handler  stm32f10x_it.o
    0x08000d58   0x00000038   Code   RO          911    i.EXTI0_IRQHandler  exti.o
    0x08000d90   0x00000038   Code   RO          912    i.EXTI3_IRQHandler  exti.o
    0x08000dc8   0x00000038   Code   RO          913    i.EXTI4_IRQHandler  exti.o
    0x08000e00   0x00000042   Code   RO          914    i.EXTI8_Init        exti.o
    0x08000e42   0x00000002   PAD
    0x08000e44   0x00000044   Code   RO          915    i.EXTI9_5_IRQHandler  exti.o
    0x08000e88   0x0000000c   Code   RO         2611    i.EXTI_ClearITPendingBit  stm32f10x_exti.o
    0x08000e94   0x00000020   Code   RO         2615    i.EXTI_GetITStatus  stm32f10x_exti.o
    0x08000eb4   0x00000070   Code   RO         2616    i.EXTI_Init         stm32f10x_exti.o
    0x08000f24   0x00000020   Code   RO         1330    i.FSMC_NORSRAMCmd   stm32f10x_fsmc.o
    0x08000f44   0x000000c8   Code   RO         1332    i.FSMC_NORSRAMInit  stm32f10x_fsmc.o
    0x0800100c   0x00000138   Code   RO          709    i.FindSCR           sdio_sdcard.o
    0x08001144   0x00000028   Code   RO         1442    i.GPIO_EXTILineConfig  stm32f10x_gpio.o
    0x0800116c   0x0000009c   Code   RO         1445    i.GPIO_Init         stm32f10x_gpio.o
    0x08001208   0x00000058   Code   RO         1447    i.GPIO_PinRemapConfig  stm32f10x_gpio.o
    0x08001260   0x0000000e   Code   RO         1449    i.GPIO_ReadInputDataBit  stm32f10x_gpio.o
    0x0800126e   0x00000004   Code   RO         1453    i.GPIO_SetBits      stm32f10x_gpio.o
    0x08001272   0x00000002   PAD
    0x08001274   0x0000008c   Code   RO         3780    i.Get_HzMat         text.o
    0x08001300   0x00000002   Code   RO          228    i.HardFault_Handler  stm32f10x_it.o
    0x08001302   0x00000004   Code   RO         1196    i.INTX_DISABLE      sys.o
    0x08001306   0x00000004   Code   RO         1197    i.INTX_ENABLE       sys.o
    0x0800130a   0x00000002   PAD
    0x0800130c   0x0000008c   Code   RO          710    i.IsCardProgramming  sdio_sdcard.o
    0x08001398   0x0000003c   Code   RO          356    i.KEY_Init          key.o
    0x080013d4   0x000000a8   Code   RO          357    i.KEY_Scan          key.o
    0x0800147c   0x00000012   Code   RO          375    i.LCD_BGR2RGB       lcd.o
    0x0800148e   0x00000002   PAD
    0x08001490   0x0000006c   Code   RO          376    i.LCD_Clear         lcd.o
    0x080014fc   0x00000058   Code   RO          377    i.LCD_Color_Fill    lcd.o
    0x08001554   0x00000134   Code   RO          380    i.LCD_Display_Dir   lcd.o
    0x08001688   0x0000011c   Code   RO          385    i.LCD_Fast_DrawPoint  lcd.o
    0x080017a4   0x0000008c   Code   RO          386    i.LCD_Fill          lcd.o
    0x08001830   0x00002e14   Code   RO          387    i.LCD_Init          lcd.o
    0x08004644   0x00000014   Code   RO          389    i.LCD_RD_DATA       lcd.o
    0x08004658   0x00000108   Code   RO          390    i.LCD_ReadPoint     lcd.o
    0x08004760   0x00000018   Code   RO          391    i.LCD_ReadReg       lcd.o
    0x08004778   0x0000003c   Code   RO          392    i.LCD_SSD_BackLightSet  lcd.o
    0x080047b4   0x000001a8   Code   RO          393    i.LCD_Scan_Dir      lcd.o
    0x0800495c   0x00000148   Code   RO          394    i.LCD_SetCursor     lcd.o
    0x08004aa4   0x0000017c   Code   RO          395    i.LCD_Set_Window    lcd.o
    0x08004c20   0x000000cc   Code   RO          396    i.LCD_ShowChar      lcd.o
    0x08004cec   0x00000054   Code   RO          398    i.LCD_ShowString    lcd.o
    0x08004d40   0x00000014   Code   RO          403    i.LCD_WriteRAM_Prepare  lcd.o
    0x08004d54   0x00000010   Code   RO          404    i.LCD_WriteReg      lcd.o
    0x08004d64   0x00000050   Code   RO          344    i.LED_Init          led.o
    0x08004db4   0x00000002   Code   RO          229    i.MemManage_Handler  stm32f10x_it.o
    0x08004db6   0x00000002   Code   RO          230    i.NMI_Handler       stm32f10x_it.o
    0x08004db8   0x00000064   Code   RO         1283    i.NVIC_Init         misc.o
    0x08004e1c   0x00000014   Code   RO         1284    i.NVIC_PriorityGroupConfig  misc.o
    0x08004e30   0x00000110   Code   RO          959    i.OV7670_Init       ov7670.o
    0x08004f40   0x0000006e   Code   RO          962    i.OV7670_Window_Set  ov7670.o
    0x08004fae   0x00000002   Code   RO          231    i.PendSV_Handler    stm32f10x_it.o
    0x08004fb0   0x00000018   Code   RO         1554    i.RCC_AHBPeriphClockCmd  stm32f10x_rcc.o
    0x08004fc8   0x00000018   Code   RO         1555    i.RCC_APB1PeriphClockCmd  stm32f10x_rcc.o
    0x08004fe0   0x00000018   Code   RO         1557    i.RCC_APB2PeriphClockCmd  stm32f10x_rcc.o
    0x08004ff8   0x00000094   Code   RO         1565    i.RCC_GetClocksFreq  stm32f10x_rcc.o
    0x0800508c   0x0000006c   Code   RO         1010    i.SCCB_Init         sccb.o
    0x080050f8   0x00000044   Code   RO         1011    i.SCCB_No_Ack       sccb.o
    0x0800513c   0x00000074   Code   RO         1012    i.SCCB_RD_Byte      sccb.o
    0x080051b0   0x0000004c   Code   RO         1013    i.SCCB_RD_Reg       sccb.o
    0x080051fc   0x00000034   Code   RO         1014    i.SCCB_Start        sccb.o
    0x08005230   0x00000038   Code   RO         1015    i.SCCB_Stop         sccb.o
    0x08005268   0x00000090   Code   RO         1016    i.SCCB_WR_Byte      sccb.o
    0x080052f8   0x0000003e   Code   RO         1017    i.SCCB_WR_Reg       sccb.o
    0x08005336   0x00000002   PAD
    0x08005338   0x0000008c   Code   RO          711    i.SDEnWideBus       sdio_sdcard.o
    0x080053c4   0x0000000c   Code   RO         2737    i.SDIO_ClearFlag    stm32f10x_sdio.o
    0x080053d0   0x0000000c   Code   RO         2739    i.SDIO_ClockCmd     stm32f10x_sdio.o
    0x080053dc   0x00000014   Code   RO          712    i.SDIO_Clock_Set    sdio_sdcard.o
    0x080053f0   0x0000000c   Code   RO         2742    i.SDIO_DMACmd       stm32f10x_sdio.o
    0x080053fc   0x0000002c   Code   RO         2743    i.SDIO_DataConfig   stm32f10x_sdio.o
    0x08005428   0x00000024   Code   RO         2745    i.SDIO_DeInit       stm32f10x_sdio.o
    0x0800544c   0x00000014   Code   RO         2749    i.SDIO_GetFlagStatus  stm32f10x_sdio.o
    0x08005460   0x00000010   Code   RO         2751    i.SDIO_GetPowerState  stm32f10x_sdio.o
    0x08005470   0x00000004   Code   RO          713    i.SDIO_IRQHandler   sdio_sdcard.o
    0x08005474   0x0000002c   Code   RO         2754    i.SDIO_Init         stm32f10x_sdio.o
    0x080054a0   0x0000000c   Code   RO         2755    i.SDIO_ReadData     stm32f10x_sdio.o
    0x080054ac   0x00000028   Code   RO         2757    i.SDIO_SendCommand  stm32f10x_sdio.o
    0x080054d4   0x00000018   Code   RO         2759    i.SDIO_SetPowerState  stm32f10x_sdio.o
    0x080054ec   0x0000000c   Code   RO         2765    i.SDIO_WriteData    stm32f10x_sdio.o
    0x080054f8   0x00000060   Code   RO          714    i.SD_DMA_Config     sdio_sdcard.o
    0x08005558   0x0000004c   Code   RO          715    i.SD_EnableWideBusOperation  sdio_sdcard.o
    0x080055a4   0x00000218   Code   RO          716    i.SD_GetCardInfo    sdio_sdcard.o
    0x080057bc   0x000000e0   Code   RO          718    i.SD_Init           sdio_sdcard.o
    0x0800589c   0x00000114   Code   RO          719    i.SD_InitializeCards  sdio_sdcard.o
    0x080059b0   0x0000019c   Code   RO          721    i.SD_PowerON        sdio_sdcard.o
    0x08005b4c   0x000000e8   Code   RO          722    i.SD_ProcessIRQSrc  sdio_sdcard.o
    0x08005c34   0x000001f8   Code   RO          723    i.SD_ReadBlock      sdio_sdcard.o
    0x08005e2c   0x00000078   Code   RO          724    i.SD_ReadDisk       sdio_sdcard.o
    0x08005ea4   0x00000260   Code   RO          725    i.SD_ReadMultiBlocks  sdio_sdcard.o
    0x08006104   0x0000002c   Code   RO          726    i.SD_SelectDeselect  sdio_sdcard.o
    0x08006130   0x00000018   Code   RO          728    i.SD_SetDeviceMode  sdio_sdcard.o
    0x08006148   0x000002cc   Code   RO          729    i.SD_WriteBlock     sdio_sdcard.o
    0x08006414   0x00000070   Code   RO          730    i.SD_WriteDisk      sdio_sdcard.o
    0x08006484   0x000002e4   Code   RO          731    i.SD_WriteMultiBlocks  sdio_sdcard.o
    0x08006768   0x00000094   Code   RO          576    i.SPI2_Init         spi.o
    0x080067fc   0x00000050   Code   RO          577    i.SPI2_ReadWriteByte  spi.o
    0x0800684c   0x0000001c   Code   RO          578    i.SPI2_SetSpeed     spi.o
    0x08006868   0x00000014   Code   RO         1758    i.SPI_Cmd           stm32f10x_spi.o
    0x0800687c   0x0000000e   Code   RO         1766    i.SPI_I2S_GetFlagStatus  stm32f10x_spi.o
    0x0800688a   0x00000004   Code   RO         1769    i.SPI_I2S_ReceiveData  stm32f10x_spi.o
    0x0800688e   0x00000004   Code   RO         1770    i.SPI_I2S_SendData  stm32f10x_spi.o
    0x08006892   0x00000038   Code   RO         1771    i.SPI_Init          stm32f10x_spi.o
    0x080068ca   0x00000002   Code   RO          232    i.SVC_Handler       stm32f10x_it.o
    0x080068cc   0x000000a8   Code   RO          315    i.SetSysClockTo72   system_stm32f10x.o
    0x08006974   0x000000a4   Code   RO         3781    i.Show_Font         text.o
    0x08006a18   0x000000ae   Code   RO         3782    i.Show_Str          text.o
    0x08006ac6   0x00000018   Code   RO         1287    i.SysTick_CLKSourceConfig  misc.o
    0x08006ade   0x00000002   Code   RO          233    i.SysTick_Handler   stm32f10x_it.o
    0x08006ae0   0x00000050   Code   RO          317    i.SystemInit        system_stm32f10x.o
    0x08006b30   0x00000034   Code   RO         1064    i.TIM3_IRQHandler   timer.o
    0x08006b64   0x0000003c   Code   RO         3581    i.TIM4_IRQHandler   usmart.o
    0x08006ba0   0x00000088   Code   RO         1068    i.TIM5_IRQHandler   timer.o
    0x08006c28   0x00000028   Code   RO         1069    i.TIM6_IRQHandler   timer.o
    0x08006c50   0x00000060   Code   RO         1070    i.TIM6_Int_Init     timer.o
    0x08006cb0   0x00000006   Code   RO         2085    i.TIM_ClearFlag     stm32f10x_tim.o
    0x08006cb6   0x00000006   Code   RO         2086    i.TIM_ClearITPendingBit  stm32f10x_tim.o
    0x08006cbc   0x00000014   Code   RO         2091    i.TIM_Cmd           stm32f10x_tim.o
    0x08006cd0   0x00000004   Code   RO         2106    i.TIM_GetCapture1   stm32f10x_tim.o
    0x08006cd4   0x00000004   Code   RO         2110    i.TIM_GetCounter    stm32f10x_tim.o
    0x08006cd8   0x0000000e   Code   RO         2111    i.TIM_GetFlagStatus  stm32f10x_tim.o
    0x08006ce6   0x00000018   Code   RO         2112    i.TIM_GetITStatus   stm32f10x_tim.o
    0x08006cfe   0x00000010   Code   RO         2116    i.TIM_ITConfig      stm32f10x_tim.o
    0x08006d0e   0x0000000c   Code   RO         2122    i.TIM_OC1PolarityConfig  stm32f10x_tim.o
    0x08006d1a   0x00000004   Code   RO         2150    i.TIM_SetAutoreload  stm32f10x_tim.o
    0x08006d1e   0x00000004   Code   RO         2156    i.TIM_SetCounter    stm32f10x_tim.o
    0x08006d22   0x00000002   PAD
    0x08006d24   0x0000009c   Code   RO         2162    i.TIM_TimeBaseInit  stm32f10x_tim.o
    0x08006dc0   0x00000060   Code   RO         3582    i.Timer4_Init       usmart.o
    0x08006e20   0x00000064   Code   RO         1224    i.USART1_IRQHandler  usart.o
    0x08006e84   0x00000014   Code   RO         1901    i.USART_Cmd         stm32f10x_usart.o
    0x08006e98   0x0000000e   Code   RO         1904    i.USART_GetFlagStatus  stm32f10x_usart.o
    0x08006ea6   0x0000003e   Code   RO         1905    i.USART_GetITStatus  stm32f10x_usart.o
    0x08006ee4   0x00000030   Code   RO         1907    i.USART_ITConfig    stm32f10x_usart.o
    0x08006f14   0x000000ac   Code   RO         1908    i.USART_Init        stm32f10x_usart.o
    0x08006fc0   0x00000008   Code   RO         1915    i.USART_ReceiveData  stm32f10x_usart.o
    0x08006fc8   0x00000008   Code   RO         1918    i.USART_SendData    stm32f10x_usart.o
    0x08006fd0   0x00000002   Code   RO          234    i.UsageFault_Handler  stm32f10x_it.o
    0x08006fd2   0x00000002   PAD
    0x08006fd4   0x00000058   Code   RO          604    i.W25QXX_Erase_Sector  w25qxx.o
    0x0800702c   0x00000058   Code   RO          605    i.W25QXX_Init       w25qxx.o
    0x08007084   0x00000050   Code   RO          607    i.W25QXX_Read       w25qxx.o
    0x080070d4   0x00000044   Code   RO          608    i.W25QXX_ReadID     w25qxx.o
    0x08007118   0x00000024   Code   RO          609    i.W25QXX_ReadSR     w25qxx.o
    0x0800713c   0x0000000c   Code   RO          611    i.W25QXX_Wait_Busy  w25qxx.o
    0x08007148   0x0000009c   Code   RO          612    i.W25QXX_Write      w25qxx.o
    0x080071e4   0x00000020   Code   RO          614    i.W25QXX_Write_Enable  w25qxx.o
    0x08007204   0x0000003e   Code   RO          615    i.W25QXX_Write_NoCheck  w25qxx.o
    0x08007242   0x00000002   PAD
    0x08007244   0x00000058   Code   RO          616    i.W25QXX_Write_Page  w25qxx.o
    0x0800729c   0x0000000e   Code   RO         4175    i._is_digit         c_w.l(__printf_wp.o)
    0x080072aa   0x00000002   Code   RO         1225    i._sys_exit         usart.o
    0x080072ac   0x000000d0   Code   RO         3947    i.ai_draw_init      piclib.o
    0x0800737c   0x00000088   Code   RO         3948    i.ai_load_picfile   piclib.o
    0x08007404   0x0000001c   Code   RO         4013    i.alloc_pool        tjpgd.o
    0x08007420   0x0000007a   Code   RO         4014    i.bitext            tjpgd.o
    0x0800749a   0x00000002   PAD
    0x0800749c   0x000001e4   Code   RO         4015    i.block_idct        tjpgd.o
    0x08007680   0x000001a8   Code   RO         3810    i.bmp_encode        bmp.o
    0x08007828   0x0000004c   Code   RO            1    i.camera_new_pathname  main.o
    0x08007874   0x00000100   Code   RO            2    i.camera_refresh    main.o
    0x08007974   0x0000000e   Code   RO         3375    i.char_upper        exfuns.o
    0x08007982   0x00000002   PAD
    0x08007984   0x0000005c   Code   RO         3051    i.check_fs          ff.o
    0x080079e0   0x00000010   Code   RO         3052    i.chk_chr           ff.o
    0x080079f0   0x00000024   Code   RO         3053    i.clmt_clust        ff.o
    0x08007a14   0x00000018   Code   RO         3054    i.clust2sect        ff.o
    0x08007a2c   0x00000012   Code   RO          732    i.convert_from_bytes_to_power_of_two  sdio_sdcard.o
    0x08007a3e   0x0000009e   Code   RO         3055    i.create_chain      ff.o
    0x08007adc   0x000000ca   Code   RO         4016    i.create_huffman_tbl  tjpgd.o
    0x08007ba6   0x00000002   PAD
    0x08007ba8   0x00000218   Code   RO         3056    i.create_name       ff.o
    0x08007dc0   0x0000003c   Code   RO         1169    i.delay_init        delay.o
    0x08007dfc   0x00000034   Code   RO         1170    i.delay_ms          delay.o
    0x08007e30   0x00000034   Code   RO         1171    i.delay_us          delay.o
    0x08007e64   0x00000042   Code   RO         3057    i.dir_alloc         ff.o
    0x08007ea6   0x00000002   PAD
    0x08007ea8   0x0000012c   Code   RO         3058    i.dir_find          ff.o
    0x08007fd4   0x000000e6   Code   RO         3059    i.dir_next          ff.o
    0x080080ba   0x00000002   PAD
    0x080080bc   0x00000100   Code   RO         3060    i.dir_read          ff.o
    0x080081bc   0x00000164   Code   RO         3061    i.dir_register      ff.o
    0x08008320   0x0000007c   Code   RO         3063    i.dir_sdi           ff.o
    0x0800839c   0x00000028   Code   RO         2991    i.disk_initialize   diskio.o
    0x080083c4   0x00000074   Code   RO         2992    i.disk_ioctl        diskio.o
    0x08008438   0x0000004c   Code   RO         2993    i.disk_read         diskio.o
    0x08008484   0x00000004   Code   RO         2994    i.disk_status       diskio.o
    0x08008488   0x0000004c   Code   RO         2995    i.disk_write        diskio.o
    0x080084d4   0x00000064   Code   RO         3377    i.exfuns_init       exfuns.o
    0x08008538   0x0000001c   Code   RO         3065    i.f_close           ff.o
    0x08008554   0x00000200   Code   RO         3070    i.f_lseek           ff.o
    0x08008754   0x00000180   Code   RO         3071    i.f_mkdir           ff.o
    0x080088d4   0x0000004c   Code   RO         3073    i.f_mount           ff.o
    0x08008920   0x00000158   Code   RO         3074    i.f_open            ff.o
    0x08008a78   0x00000080   Code   RO         3075    i.f_opendir         ff.o
    0x08008af8   0x00000148   Code   RO         3079    i.f_read            ff.o
    0x08008c40   0x00000074   Code   RO         3080    i.f_readdir         ff.o
    0x08008cb4   0x00000098   Code   RO         3084    i.f_sync            ff.o
    0x08008d4c   0x00000090   Code   RO         3378    i.f_typetell        exfuns.o
    0x08008ddc   0x00000180   Code   RO         3088    i.f_write           ff.o
    0x08008f5c   0x00000070   Code   RO         3562    i.ff_convert        mycc936.o
    0x08008fcc   0x00000008   Code   RO         2996    i.ff_memalloc       diskio.o
    0x08008fd4   0x00000008   Code   RO         2997    i.ff_memfree        diskio.o
    0x08008fdc   0x00000024   Code   RO         3563    i.ff_wtoupper       mycc936.o
    0x08009000   0x00000238   Code   RO         3089    i.find_volume       ff.o
    0x08009238   0x00000066   Code   RO         3090    i.follow_path       ff.o
    0x0800929e   0x00000002   PAD
    0x080092a0   0x00000040   Code   RO         3738    i.font_init         fontupd.o
    0x080092e0   0x00000018   Code   RO         1226    i.fputc             usart.o
    0x080092f8   0x0000008c   Code   RO         3091    i.gen_numname       ff.o
    0x08009384   0x000000be   Code   RO         3092    i.get_fat           ff.o
    0x08009442   0x00000004   Code   RO         2998    i.get_fattime       diskio.o
    0x08009446   0x000000c2   Code   RO         3093    i.get_fileinfo      ff.o
    0x08009508   0x0000003c   Code   RO         3094    i.get_ldnumber      ff.o
    0x08009544   0x0000004e   Code   RO         3840    i.gif_check_head    gif.o
    0x08009592   0x00000002   PAD
    0x08009594   0x0000014c   Code   RO         3841    i.gif_clear2bkcolor  gif.o
    0x080096e0   0x00000108   Code   RO         3842    i.gif_decode        gif.o
    0x080097e8   0x000001a4   Code   RO         3843    i.gif_dispimage     gif.o
    0x0800998c   0x0000011c   Code   RO         3844    i.gif_drawimage     gif.o
    0x08009aa8   0x0000003a   Code   RO         3845    i.gif_getdatablock  gif.o
    0x08009ae2   0x00000036   Code   RO         3846    i.gif_getinfo       gif.o
    0x08009b18   0x0000023c   Code   RO         3847    i.gif_getnextbyte   gif.o
    0x08009d54   0x00000124   Code   RO         3848    i.gif_getnextcode   gif.o
    0x08009e78   0x00000018   Code   RO         3849    i.gif_getrgb565     gif.o
    0x08009e90   0x0000008a   Code   RO         3850    i.gif_initlzw       gif.o
    0x08009f1a   0x0000003a   Code   RO         3852    i.gif_readcolortbl  gif.o
    0x08009f54   0x00000082   Code   RO         3853    i.gif_readextension  gif.o
    0x08009fd6   0x00000016   Code   RO         3854    i.gif_recovergctbl  gif.o
    0x08009fec   0x00000016   Code   RO         3855    i.gif_savegctbl     gif.o
    0x0800a002   0x000000a2   Code   RO         4017    i.huffext           tjpgd.o
    0x0800a0a4   0x00000024   Code   RO         3949    i.is_element_ok     piclib.o
    0x0800a0c8   0x000000e6   Code   RO         4018    i.jd_decomp         tjpgd.o
    0x0800a1ae   0x00000002   PAD
    0x0800a1b0   0x000002c8   Code   RO         4019    i.jd_prepare        tjpgd.o
    0x0800a478   0x00000020   Code   RO         4020    i.jpeg_freeall      tjpgd.o
    0x0800a498   0x00000024   Code   RO         4021    i.jpeg_in_func      tjpgd.o
    0x0800a4bc   0x00000034   Code   RO         4022    i.jpeg_mallocall    tjpgd.o
    0x0800a4f0   0x0000003c   Code   RO         4023    i.jpeg_out_func_fill  tjpgd.o
    0x0800a52c   0x000000a8   Code   RO         4024    i.jpeg_out_func_point  tjpgd.o
    0x0800a5d4   0x000000c4   Code   RO         4025    i.jpg_decode        tjpgd.o
    0x0800a698   0x00000012   Code   RO         3095    i.ld_clust          ff.o
    0x0800a6aa   0x00000002   PAD
    0x0800a6ac   0x00000474   Code   RO            3    i.main              main.o
    0x0800ab20   0x00000158   Code   RO         4026    i.mcu_load          tjpgd.o
    0x0800ac78   0x00000308   Code   RO         4027    i.mcu_output        tjpgd.o
    0x0800af80   0x00000010   Code   RO         3096    i.mem_cpy           ff.o
    0x0800af90   0x0000000e   Code   RO         3097    i.mem_set           ff.o
    0x0800af9e   0x00000002   PAD
    0x0800afa0   0x0000007c   Code   RO         3435    i.mf_scan_files     fattester.o
    0x0800b01c   0x000002e8   Code   RO         3811    i.minibmp_decode    bmp.o
    0x0800b304   0x00000032   Code   RO         3098    i.move_window       ff.o
    0x0800b336   0x00000002   PAD
    0x0800b338   0x00000058   Code   RO         2922    i.my_mem_free       malloc.o
    0x0800b390   0x0000003c   Code   RO         2923    i.my_mem_init       malloc.o
    0x0800b3cc   0x0000008c   Code   RO         2924    i.my_mem_malloc     malloc.o
    0x0800b458   0x00000038   Code   RO         2925    i.my_mem_perused    malloc.o
    0x0800b490   0x00000018   Code   RO         2926    i.myfree            malloc.o
    0x0800b4a8   0x00000020   Code   RO         2927    i.mymalloc          malloc.o
    0x0800b4c8   0x0000000c   Code   RO         2929    i.mymemset          malloc.o
    0x0800b4d4   0x00000008   Code   RO         3950    i.pic_memalloc      piclib.o
    0x0800b4dc   0x00000008   Code   RO         3951    i.pic_memfree       piclib.o
    0x0800b4e4   0x00000024   Code   RO         3952    i.piclib_alpha_blend  piclib.o
    0x0800b508   0x0000002c   Code   RO         3953    i.piclib_draw_hline  piclib.o
    0x0800b534   0x00000018   Code   RO         3954    i.piclib_fill_color  piclib.o
    0x0800b54c   0x00000054   Code   RO         3955    i.piclib_init       piclib.o
    0x0800b5a0   0x000000f4   Code   RO         3099    i.put_fat           ff.o
    0x0800b694   0x00000004   Code   RO         3583    i.read_addr         usmart.o
    0x0800b698   0x00000062   Code   RO         3101    i.remove_chain      ff.o
    0x0800b6fa   0x00000010   Code   RO         3102    i.st_clust          ff.o
    0x0800b70a   0x00000002   PAD
    0x0800b70c   0x00000204   Code   RO         3812    i.stdbmp_decode     bmp.o
    0x0800b910   0x00000240   Code   RO            4    i.stdbmp_send       main.o
    0x0800bb50   0x0000001a   Code   RO         3103    i.sum_sfn           ff.o
    0x0800bb6a   0x000000b0   Code   RO         3104    i.sync_fs           ff.o
    0x0800bc1a   0x00000052   Code   RO         3105    i.sync_window       ff.o
    0x0800bc6c   0x000000a0   Code   RO         1227    i.uart_init         usart.o
    0x0800bd0c   0x00000094   Code   RO         3584    i.usmart_cmd_rec    usmart.o
    0x0800bda0   0x00000260   Code   RO         3585    i.usmart_exe        usmart.o
    0x0800c000   0x0000009c   Code   RO         3671    i.usmart_get_aparm  usmart_str.o
    0x0800c09c   0x0000002e   Code   RO         3672    i.usmart_get_cmdname  usmart_str.o
    0x0800c0ca   0x00000002   PAD
    0x0800c0cc   0x00000168   Code   RO         3673    i.usmart_get_fname  usmart_str.o
    0x0800c234   0x000000d0   Code   RO         3674    i.usmart_get_fparam  usmart_str.o
    0x0800c304   0x00000024   Code   RO         3675    i.usmart_get_parmpos  usmart_str.o
    0x0800c328   0x00000038   Code   RO         3586    i.usmart_get_runtime  usmart.o
    0x0800c360   0x00000028   Code   RO         3587    i.usmart_init       usmart.o
    0x0800c388   0x00000010   Code   RO         3676    i.usmart_pow        usmart_str.o
    0x0800c398   0x00000030   Code   RO         3588    i.usmart_reset_runtime  usmart.o
    0x0800c3c8   0x000000a4   Code   RO         3589    i.usmart_scan       usmart.o
    0x0800c46c   0x00000010   Code   RO         3677    i.usmart_search_nextc  usmart_str.o
    0x0800c47c   0x000000a0   Code   RO         3678    i.usmart_str2num    usmart_str.o
    0x0800c51c   0x00000018   Code   RO         3679    i.usmart_strcmp     usmart_str.o
    0x0800c534   0x00000012   Code   RO         3680    i.usmart_strcopy    usmart_str.o
    0x0800c546   0x00000012   Code   RO         3681    i.usmart_strlen     usmart_str.o
    0x0800c558   0x00000670   Code   RO         3590    i.usmart_sys_cmd_exe  usmart.o
    0x0800cbc8   0x00000026   Code   RO         3106    i.validate          ff.o
    0x0800cbee   0x00000004   Code   RO         3591    i.write_addr        usmart.o
    0x0800cbf2   0x00000002   PAD
    0x0800cbf4   0x0000005a   Code   RO         4205    x$fpl$dfixu         fz_ws.l(dfixu.o)
    0x0800cc4e   0x00000026   Code   RO         4209    x$fpl$dfltu         fz_ws.l(dflt_clz.o)
    0x0800cc74   0x00000154   Code   RO         4215    x$fpl$dmul          fz_ws.l(dmul.o)
    0x0800cdc8   0x0000009c   Code   RO         4263    x$fpl$dnaninf       fz_ws.l(dnaninf.o)
    0x0800ce64   0x0000000c   Code   RO         4265    x$fpl$dretinf       fz_ws.l(dretinf.o)
    0x0800ce70   0x000000c4   Code   RO         4217    x$fpl$fadd          fz_ws.l(faddsub_clz.o)
    0x0800cf34   0x0000000c   Code   RO         4267    x$fpl$fcheck1       fz_ws.l(fcheck1.o)
    0x0800cf40   0x00000018   Code   RO         4269    x$fpl$fcmpinf       fz_ws.l(fcmpi.o)
    0x0800cf58   0x00000184   Code   RO         4224    x$fpl$fdiv          fz_ws.l(fdiv.o)
    0x0800d0dc   0x0000003e   Code   RO         4229    x$fpl$ffixu         fz_ws.l(ffixu.o)
    0x0800d11a   0x00000002   PAD
    0x0800d11c   0x00000026   Code   RO         4233    x$fpl$ffltu         fz_ws.l(fflt_clz.o)
    0x0800d142   0x00000002   PAD
    0x0800d144   0x00000068   Code   RO         4239    x$fpl$fleqf         fz_ws.l(fleqf.o)
    0x0800d1ac   0x00000102   Code   RO         4241    x$fpl$fmul          fz_ws.l(fmul.o)
    0x0800d2ae   0x0000008c   Code   RO         4271    x$fpl$fnaninf       fz_ws.l(fnaninf.o)
    0x0800d33a   0x0000000a   Code   RO         4273    x$fpl$fretinf       fz_ws.l(fretinf.o)
    0x0800d344   0x000000ea   Code   RO         4219    x$fpl$fsub          fz_ws.l(faddsub_clz.o)
    0x0800d42e   0x00000064   Code   RO         4301    x$fpl$retnan        fz_ws.l(retnan.o)
    0x0800d492   0x0000004c   Code   RO         4243    x$fpl$scalbnf       fz_ws.l(scalbnf.o)
    0x0800d4de   0x00000030   Code   RO         4315    x$fpl$trapveneer    fz_ws.l(trapv.o)
    0x0800d50e   0x00000000   Code   RO         4275    x$fpl$usenofp       fz_ws.l(usenofp.o)
    0x0800d50e   0x000017c0   Data   RO          407    .constdata          lcd.o
    0x0800ecce   0x00000150   Data   RO          963    .constdata          ov7670.o
    0x0800ee1e   0x00000002   PAD
    0x0800ee20   0x00000018   Data   RO         2935    .constdata          malloc.o
    0x0800ee38   0x0000003a   Data   RO         3107    .constdata          ff.o
    0x0800ee72   0x00000002   PAD
    0x0800ee74   0x00000138   Data   RO         3381    .constdata          exfuns.o
    0x0800efac   0x000003c0   Data   RO         3564    .constdata          mycc936.o
    0x0800f36c   0x00000028   Data   RO         3856    .constdata          gif.o
    0x0800f394   0x000004c0   Data   RO         4028    .constdata          tjpgd.o
    0x0800f854   0x00000028   Data   RO         4148    .constdata          c_w.l(_printf_hex_int.o)
    0x0800f87c   0x00000011   Data   RO         4183    .constdata          c_w.l(__printf_flags_ss_wp.o)
    0x0800f88d   0x00000003   PAD
    0x0800f890   0x00000064   Data   RO         3382    .conststring        exfuns.o
    0x0800f8f4   0x00000028   Data   RO         3592    .conststring        usmart.o
    0x0800f91c   0x00000144   Data   RO         3657    .conststring        usmart_config.o
    0x0800fa60   0x00000020   Data   RO         4443    Region$$Table       anon$$obj.o


    Execution Region RW_IRAM1 (Base: 0x20000000, Size: 0x0000c688, Max: 0x00010000, ABSOLUTE, COMPRESSED[0x00000090])

    Base Addr    Size         Type   Attr      Idx    E Section Name        Object

    0x20000000   0x00000014   Data   RW          318    .data               system_stm32f10x.o
    0x20000014   0x00000001   Data   RW          358    .data               key.o
    0x20000015   0x00000001   PAD
    0x20000016   0x00000004   Data   RW          408    .data               lcd.o
    0x2000001a   0x00000002   Data   RW          619    .data               w25qxx.o
    0x2000001c   0x00000010   Data   RW          734    .data               sdio_sdcard.o
    0x2000002c   0x00000001   Data   RW          917    .data               exti.o
    0x2000002d   0x00000001   PAD
    0x2000002e   0x00000004   Data   RW         1072    .data               timer.o
    0x20000032   0x00000004   Data   RW         1172    .data               delay.o
    0x20000036   0x00000002   Data   RW         1229    .data               usart.o
    0x20000038   0x00000004   Data   RW         1230    .data               usart.o
    0x2000003c   0x00000014   Data   RW         1585    .data               stm32f10x_rcc.o
    0x20000050   0x0000001c   Data   RW         2936    .data               malloc.o
    0x2000006c   0x00000002   Data   RW         2999    .data               diskio.o
    0x2000006e   0x00000002   PAD
    0x20000070   0x0000000c   Data   RW         3108    .data               ff.o
    0x2000007c   0x00000014   Data   RW         3383    .data               exfuns.o
    0x20000090   0x00000004   Data   RW         3385    .data               exfuns.o
    0x20000094   0x0000001c   Data   RW         3593    .data               usmart.o
    0x200000b0   0x00000030   Data   RW         3658    .data               usmart_config.o
    0x200000e0   0x000000f4   Data   RW         3659    .data               usmart_config.o
    0x200001d4   0x00000001   Data   RW         3857    .data               gif.o
    0x200001d5   0x00000003   PAD
    0x200001d8   0x0000000c   Data   RW         4029    .data               tjpgd.o
    0x200001e4   0x0000000e   Zero   RW          406    .bss                lcd.o
    0x200001f2   0x00001000   Zero   RW          618    .bss                w25qxx.o
    0x200011f2   0x00000006   PAD
    0x200011f8   0x000002c0   Zero   RW          733    .bss                sdio_sdcard.o
    0x200014b8   0x000000c8   Zero   RW         1228    .bss                usart.o
    0x20001580   0x0000a000   Zero   RW         2933    .bss                malloc.o
    0x2000b580   0x00000a00   Zero   RW         2934    .bss                malloc.o
    0x2000bf80   0x00000020   Zero   RW         3379    .bss                exfuns.o
    0x2000bfa0   0x00000024   Zero   RW         3380    .bss                exfuns.o
    0x2000bfc4   0x00000021   Zero   RW         3742    .bss                fontupd.o
    0x2000bfe5   0x00000003   PAD
    0x2000bfe8   0x0000003c   Zero   RW         3956    .bss                piclib.o
    0x2000c024   0x00000060   Zero   RW         4318    .bss                c_w.l(libspace.o)
    0x2000c084   0x00000004   PAD
    0x2000c088   0x00000200   Zero   RW         1277    HEAP                startup_stm32f10x_hd.o
    0x2000c288   0x00000400   Zero   RW         1276    STACK               startup_stm32f10x_hd.o



  Load Region LR$$.ARM.__AT_0x68000000 (Base: 0x68000000, Size: 0x00000000, Max: 0x00000020, ABSOLUTE)

    Execution Region ER$$.ARM.__AT_0x68000000 (Base: 0x68000000, Size: 0x00000020, Max: 0x00000020, ABSOLUTE, UNINIT)

    Base Addr    Size         Type   Attr      Idx    E Section Name        Object

    0x68000000   0x00000020   Zero   RW         2931    .ARM.__AT_0x68000000  malloc.o



  Load Region LR$$.ARM.__AT_0x68000020 (Base: 0x68000020, Size: 0x00000000, Max: 0x00000004, ABSOLUTE)

    Execution Region ER$$.ARM.__AT_0x68000020 (Base: 0x68000020, Size: 0x00000004, Max: 0x00000004, ABSOLUTE, UNINIT)

    Base Addr    Size         Type   Attr      Idx    E Section Name        Object

    0x68000020   0x00000002   Zero   RW         2932    .ARM.__AT_0x68000020  malloc.o


==============================================================================

Image component sizes


      Code (inc. data)   RO Data    RW Data    ZI Data      Debug   Object Name

        52         14          0          0          0        484   beep.o
      1684         28          0          0          0       5630   bmp.o
       164         26          0          4          0       1827   delay.o
       332         14          0          2          0       6364   diskio.o
       258         12        412         24         68       3060   exfuns.o
       302         42          0          1          0       3116   exti.o
       124         24          0          0          0       1260   fattester.o
      6678         64         58         12          0      37029   ff.o
        64          6          0          0         33       2237   fontupd.o
      2748         26         40          1          0      13529   gif.o
       228         22          0          1          0       1286   key.o
     14566        194       6080          4         14      55878   lcd.o
        80         10          0          0          0        559   led.o
      2048        352          0          0          0     298346   main.o
       412         46         24         28      43554       6036   malloc.o
       144         16          0          0          0       2157   misc.o
       148         14        960          0          0       1835   mycc936.o
       382         30        336          0          0       2224   ov7670.o
       584         52          0          0         60       7035   piclib.o
       682         66          0          0          0       5175   sccb.o
      5776        266          0         16        704      32666   sdio_sdcard.o
       256         18          0          0          0       1845   spi.o
        64         26        304          0       1536        832   startup_stm32f10x_hd.o
       308         10          0          0          0       3554   stm32f10x_dma.o
       156         14          0          0          0       2256   stm32f10x_exti.o
       232          6          0          0          0       1957   stm32f10x_fsmc.o
       302         12          0          0          0       4407   stm32f10x_gpio.o
        18          0          0          0          0       4146   stm32f10x_it.o
       220         34          0         20          0       5198   stm32f10x_rcc.o
       284         66          0          0          0       8510   stm32f10x_sdio.o
        98          0          0          0          0       3922   stm32f10x_spi.o
       270         42          0          0          0       8365   stm32f10x_tim.o
       332          6          0          0          0       6077   stm32f10x_usart.o
         8          0          0          0          0        965   sys.o
       248         24          0         20          0       1933   system_stm32f10x.o
       478         16          0          0          0       2939   text.o
       324         30          0          4          0       2826   timer.o
      3604        104       1216         12          0      18849   tjpgd.o
       286         26          0          6        200       4332   usart.o
      2876       1332         40         28          0       7990   usmart.o
         0          0        324        292          0       1728   usmart_config.o
      1058         20          0          0          0       8199   usmart_str.o
       710         58          0          2       4096       7027   w25qxx.o

    ----------------------------------------------------------------------
     49634       3168       9830        484      50276     595590   Object Totals
         0          0         32          0          0          0   (incl. Generated)
        46          0          4          7         11          0   (incl. Padding)

    ----------------------------------------------------------------------

      Code (inc. data)   RO Data    RW Data    ZI Data      Debug   Library Member Name

        90          0          0          0          0          0   __dczerorl2.o
         8          0          0          0          0         68   __main.o
       392          4         17          0          0         92   __printf_flags_ss_wp.o
        14          0          0          0          0         68   __printf_wp.o
         0          0          0          0          0          0   __rtentry.o
        12          0          0          0          0          0   __rtentry2.o
         6          0          0          0          0          0   __rtentry4.o
        52          8          0          0          0          0   __scatter.o
        28          0          0          0          0          0   __scatter_zi.o
         6          0          0          0          0          0   _printf_c.o
        44          0          0          0          0        108   _printf_char.o
        48          6          0          0          0         96   _printf_char_common.o
        36          4          0          0          0         80   _printf_char_file.o
         6          0          0          0          0          0   _printf_d.o
       120         16          0          0          0         92   _printf_dec.o
        88          4         40          0          0         88   _printf_hex_int.o
       178          0          0          0          0         88   _printf_intcommon.o
        78          0          0          0          0        108   _printf_pad.o
         0          0          0          0          0          0   _printf_percent.o
         4          0          0          0          0          0   _printf_percent_end.o
         6          0          0          0          0          0   _printf_s.o
        82          0          0          0          0         80   _printf_str.o
         6          0          0          0          0          0   _printf_u.o
         6          0          0          0          0          0   _printf_x.o
        10          0          0          0          0         68   _sputc.o
        12          0          0          0          0         72   exit.o
         8          0          0          0          0         68   ferror.o
         6          0          0          0          0        152   heapauxi.o
         2          0          0          0          0          0   libinit.o
         2          0          0          0          0          0   libinit2.o
         2          0          0          0          0          0   libshutdown.o
         2          0          0          0          0          0   libshutdown2.o
         8          4          0          0         96         68   libspace.o
        72          0          0          0          0         76   llsdiv.o
       238          0          0          0          0        100   lludivv7m.o
        24          4          0          0          0         84   noretval__2printf.o
        40          6          0          0          0         84   noretval__2sprintf.o
       138          0          0          0          0         68   rt_memcpy_v6.o
       100          0          0          0          0         80   rt_memcpy_w.o
         2          0          0          0          0          0   rtexit.o
        10          0          0          0          0          0   rtexit2.o
       128          0          0          0          0         68   strcmpv7m.o
        72          0          0          0          0         80   strcpy.o
        74          0          0          0          0         80   sys_stackheap_outer.o
         2          0          0          0          0         68   use_no_semi.o
         2          0          0          0          0         68   use_no_semi_2.o
        90          4          0          0          0         92   dfixu.o
        38          0          0          0          0         68   dflt_clz.o
       340         12          0          0          0        104   dmul.o
       156          4          0          0          0         92   dnaninf.o
        12          0          0          0          0         68   dretinf.o
       430          8          0          0          0        168   faddsub_clz.o
        12          4          0          0          0         68   fcheck1.o
        24          0          0          0          0         68   fcmpi.o
       388         76          0          0          0         96   fdiv.o
        62          4          0          0          0         84   ffixu.o
        38          0          0          0          0         68   fflt_clz.o
       104          4          0          0          0         84   fleqf.o
       258          4          0          0          0         84   fmul.o
       140          4          0          0          0         84   fnaninf.o
        10          0          0          0          0         68   fretinf.o
       100          0          0          0          0         68   retnan.o
        76          0          0          0          0         68   scalbnf.o
        48          0          0          0          0         68   trapv.o
         0          0          0          0          0          0   usenofp.o

    ----------------------------------------------------------------------
      4604        180         60          0        100       3752   Library Totals
        14          0          3          0          4          0   (incl. Padding)

    ----------------------------------------------------------------------

      Code (inc. data)   RO Data    RW Data    ZI Data      Debug   Library Name

      2264         56         57          0         96       2252   c_w.l
      2326        124          0          0          0       1500   fz_ws.l

    ----------------------------------------------------------------------
      4604        180         60          0        100       3752   Library Totals

    ----------------------------------------------------------------------

==============================================================================


      Code (inc. data)   RO Data    RW Data    ZI Data      Debug   

     54238       3348       9890        484      50376     582438   Grand Totals
     54238       3348       9890        144      50376     582438   ELF Image Totals (compressed)
     54238       3348       9890        144          0          0   ROM Totals

==============================================================================

    Total RO  Size (Code + RO Data)                64128 (  62.63kB)
    Total RW  Size (RW Data + ZI Data)             50860 (  49.67kB)
    Total ROM Size (Code + RO Data + RW Data)      64272 (  62.77kB)

==============================================================================

